
*** Running vivado
    with args -log fa.vds -m64 -mode batch -messageDb vivado.pb -notrace -source fa.tcl


****** Vivado v2015.4 (64-bit)
  **** SW Build 1412921 on Wed Nov 18 09:43:45 MST 2015
  **** IP Build 1412160 on Tue Nov 17 13:47:24 MST 2015
    ** Copyright 1986-2015 Xilinx, Inc. All Rights Reserved.

source fa.tcl -notrace
WARNING: [Board 49-26] cannot add Board Part digilentinc.com:arty-s7-25:part0:1.0 available at D:/Vivado/Vivado/2015.4/data/boards/board_files/arty-s7-25/E.0/board.xml as part xc7s25csga324-1 specified in board_part file is either invalid or not available
WARNING: [Board 49-26] cannot add Board Part digilentinc.com:arty-s7-50:part0:1.0 available at D:/Vivado/Vivado/2015.4/data/boards/board_files/arty-s7-50/B.0/board.xml as part xc7s50csga324-1 specified in board_part file is either invalid or not available
WARNING: [Board 49-26] cannot add Board Part digilentinc.com:cmod-s7-25:part0:1.0 available at D:/Vivado/Vivado/2015.4/data/boards/board_files/cmod-s7-25/B.0/board.xml as part xc7s25csga225-1 specified in board_part file is either invalid or not available
WARNING: [Board 49-26] cannot add Board Part digilentinc.com:cora-z7-07s:part0:1.0 available at D:/Vivado/Vivado/2015.4/data/boards/board_files/cora-z7-07s/B.0/board.xml as part xc7z007sclg400-1 specified in board_part file is either invalid or not available
Command: synth_design -top fa -part xc7z010clg400-1
Starting synth_design
Attempting to get a license for feature 'Synthesis' and/or device 'xc7z010'
INFO: [Common 17-349] Got license for feature 'Synthesis' and/or device 'xc7z010'
INFO: [Common 17-1223] The version limit for your license is '2019.08' and will expire in -1657 days. A version limit expiration means that, although you may be able to continue to use the current version of tools or IP with this license, you will not be eligible for any updates or new releases.
---------------------------------------------------------------------------------
Starting Synthesize : Time (s): cpu = 00:00:06 ; elapsed = 00:00:07 . Memory (MB): peak = 305.645 ; gain = 134.184
---------------------------------------------------------------------------------
INFO: [Synth 8-638] synthesizing module 'fa' [D:/ALL PROGRAMMING LANGUAGES/VERLIOG/fa1/fa1.srcs/sources_1/new/fa.v:23]
INFO: [Synth 8-256] done synthesizing module 'fa' (1#1) [D:/ALL PROGRAMMING LANGUAGES/VERLIOG/fa1/fa1.srcs/sources_1/new/fa.v:23]
TclStackFree: incorrect freePtr. Call out of sequence?
