BL51 BANKED LINKER/LOCATER V6.22.2.0                                                    01/09/2025  09:53:07  PAGE 1


BL51 BANKED LINKER/LOCATER V6.22.2.0, INVOKED BY:
C:\KEIL_V5\C51\BIN\BL51.EXE .\Objects\STARTUP.obj, .\Objects\digitalclock.obj TO .\Objects\digital clock PRINT (.\Listin
>> gs\digital clock.m51) RAMSIZE (256)


MEMORY MODEL: SMALL


INPUT MODULES INCLUDED:
  .\Objects\STARTUP.obj (?C_STARTUP)
  .\Objects\digitalclock.obj (DIGITALCLOCK)
  C:\KEIL_V5\C51\LIB\C51S.LIB (?C_INIT)
  C:\KEIL_V5\C51\LIB\C51S.LIB (?C?CLDPTR)


LINK MAP OF MODULE:  .\Objects\digital clock (?C_STARTUP)


            TYPE    BASE      LENGTH    RELOCATION   SEGMENT NAME
            -----------------------------------------------------

            * * * * * * *   D A T A   M E M O R Y   * * * * * * *
            REG     0000H     0008H     ABSOLUTE     "REG BANK 0"
            DATA    0008H     0018H     UNIT         _DATA_GROUP_
            DATA    0020H     0006H     UNIT         ?DT?DIGITALCLOCK
            IDATA   0026H     0001H     UNIT         ?STACK

            * * * * * * *   C O D E   M E M O R Y   * * * * * * *
            CODE    0000H     0003H     ABSOLUTE     
                    0003H     0008H                  *** GAP ***
            CODE    000BH     0003H     ABSOLUTE     
                    000EH     07F2H                  *** GAP ***
            CODE    0800H     008CH     UNIT         ?C_C51STARTUP
            CODE    088CH     0089H     UNIT         ?PR?TIMER0_ISR?DIGITALCLOCK
            CODE    0915H     0058H     UNIT         ?PR?UPDATE_DISPLAY?DIGITALCLOCK
            CODE    096DH     0037H     UNIT         ?PR?CHECK_KEYS?DIGITALCLOCK
            CODE    09A4H     0027H     UNIT         ?PR?_DELAY_MS?DIGITALCLOCK
            CODE    09CBH     0025H     UNIT         ?PR?_LCD_STRING?DIGITALCLOCK
            CODE    09F0H     0019H     UNIT         ?C?LIB_CODE
            CODE    0A09H     0014H     UNIT         ?PR?LCD_INIT?DIGITALCLOCK
            CODE    0A1DH     0011H     UNIT         ?C_INITSEG
            CODE    0A2EH     0010H     UNIT         ?PR?INIT_TIMER0?DIGITALCLOCK
            CODE    0A3EH     000EH     UNIT         ?PR?MAIN?DIGITALCLOCK
            CODE    0A4CH     000AH     UNIT         ?PR?_LCD_CMD?DIGITALCLOCK
            CODE    0A56H     000AH     UNIT         ?PR?_LCD_DATA?DIGITALCLOCK



OVERLAY MAP OF MODULE:   .\Objects\digital clock (?C_STARTUP)


SEGMENT                                   DATA_GROUP 
  +--> CALLED SEGMENT                   START    LENGTH
-------------------------------------------------------
?C_C51STARTUP                           -----    -----
  +--> ?PR?MAIN?DIGITALCLOCK
  +--> ?C_INITSEG

BL51 BANKED LINKER/LOCATER V6.22.2.0                                                  01/09/2025  09:53:07  PAGE 2


?PR?MAIN?DIGITALCLOCK                   -----    -----
  +--> ?PR?LCD_INIT?DIGITALCLOCK
  +--> ?PR?INIT_TIMER0?DIGITALCLOCK
  +--> ?PR?UPDATE_DISPLAY?DIGITALCLOCK
  +--> ?PR?CHECK_KEYS?DIGITALCLOCK

?PR?LCD_INIT?DIGITALCLOCK               -----    -----
  +--> ?PR?_LCD_CMD?DIGITALCLOCK

?PR?_LCD_CMD?DIGITALCLOCK               -----    -----
  +--> ?PR?_DELAY_MS?DIGITALCLOCK

?PR?UPDATE_DISPLAY?DIGITALCLOCK         0014H    0009H
  +--> ?PR?_LCD_CMD?DIGITALCLOCK
  +--> ?PR?_LCD_STRING?DIGITALCLOCK

?PR?_LCD_STRING?DIGITALCLOCK            001DH    0003H
  +--> ?PR?_LCD_DATA?DIGITALCLOCK

?PR?_LCD_DATA?DIGITALCLOCK              -----    -----
  +--> ?PR?_DELAY_MS?DIGITALCLOCK

?PR?CHECK_KEYS?DIGITALCLOCK             -----    -----
  +--> ?PR?_DELAY_MS?DIGITALCLOCK
  +--> ?PR?UPDATE_DISPLAY?DIGITALCLOCK

*** NEW ROOT ***************************************************

?PR?TIMER0_ISR?DIGITALCLOCK             -----    -----
  +--> ?PR?UPDATE_DISPLAY?DIGITALCLOCK



SYMBOL TABLE OF MODULE:  .\Objects\digital clock (?C_STARTUP)

  VALUE           TYPE          NAME
  ----------------------------------

  -------         MODULE        ?C_STARTUP
  C:0800H         SEGMENT       ?C_C51STARTUP
  I:0026H         SEGMENT       ?STACK
  C:0000H         PUBLIC        ?C_STARTUP
  D:00E0H         SYMBOL        ACC
  D:00F0H         SYMBOL        B
  D:0083H         SYMBOL        DPH
  D:0082H         SYMBOL        DPL
  N:0000H         SYMBOL        IBPSTACK
  N:0100H         SYMBOL        IBPSTACKTOP
  N:0080H         SYMBOL        IDATALEN
  C:0803H         SYMBOL        IDATALOOP
  N:0000H         SYMBOL        PBPSTACK
  N:0100H         SYMBOL        PBPSTACKTOP
  N:0000H         SYMBOL        PDATALEN
  N:0000H         SYMBOL        PDATASTART
  N:0000H         SYMBOL        PPAGE
  N:0000H         SYMBOL        PPAGEENABLE
  D:00A0H         SYMBOL        PPAGE_SFR
BL51 BANKED LINKER/LOCATER V6.22.2.0                                                  01/09/2025  09:53:07  PAGE 3


  D:0081H         SYMBOL        SP
  C:0800H         SYMBOL        STARTUP1
  N:0000H         SYMBOL        XBPSTACK
  N:0000H         SYMBOL        XBPSTACKTOP
  N:0000H         SYMBOL        XDATALEN
  N:0000H         SYMBOL        XDATASTART
  C:0000H         LINE#         126
  C:0800H         LINE#         133
  C:0802H         LINE#         134
  C:0803H         LINE#         135
  C:0804H         LINE#         136
  C:0806H         LINE#         185
  C:0809H         LINE#         196
  -------         ENDMOD        ?C_STARTUP

  -------         MODULE        DIGITALCLOCK
  C:0000H         SYMBOL        _ICE_DUMMY_
  D:0080H         PUBLIC        P0
  D:0090H         PUBLIC        P1
  D:00A0H         PUBLIC        P2
  C:088CH         PUBLIC        timer0_isr
  D:0020H         PUBLIC        running
  B:00A8H.7       PUBLIC        EA
  D:0021H         PUBLIC        minutes
  B:00A0H.1       PUBLIC        EN
  B:0090H.0       PUBLIC        KEY1
  B:0090H.1       PUBLIC        KEY2
  C:096DH         PUBLIC        check_keys
  B:00A0H.0       PUBLIC        RS
  C:0A3EH         PUBLIC        main
  C:09CBH         PUBLIC        _lcd_string
  C:0A56H         PUBLIC        _lcd_data
  D:0022H         PUBLIC        hours
  D:0089H         PUBLIC        TMOD
  B:00A8H.1       PUBLIC        ET0
  C:0A4CH         PUBLIC        _lcd_cmd
  B:0088H.5       PUBLIC        TF0
  C:0A09H         PUBLIC        lcd_init
  D:008CH         PUBLIC        TH0
  D:008AH         PUBLIC        TL0
  C:09AAH         PUBLIC        _delay_ms
  B:0088H.4       PUBLIC        TR0
  C:0915H         PUBLIC        update_display
  C:0A2EH         PUBLIC        init_timer0
  D:0023H         PUBLIC        ms_count
  D:0025H         PUBLIC        seconds
  -------         PROC          TIMER0_ISR
  C:088CH         LINE#         24
  C:08A9H         LINE#         25
  C:08ACH         LINE#         26
  C:08AFH         LINE#         27
  C:08B7H         LINE#         28
  C:08C4H         LINE#         29
  C:08CAH         LINE#         30
  C:08CCH         LINE#         31
  C:08D6H         LINE#         32
  C:08D9H         LINE#         33
BL51 BANKED LINKER/LOCATER V6.22.2.0                                                  01/09/2025  09:53:07  PAGE 4


  C:08DBH         LINE#         34
  C:08E5H         LINE#         35
  C:08E8H         LINE#         36
  C:08EAH         LINE#         37
  C:08F4H         LINE#         38
  C:08F7H         LINE#         39
  C:08F7H         LINE#         40
  C:08F7H         LINE#         41
  C:08F7H         LINE#         42
  C:08FAH         LINE#         43
  C:08FAH         LINE#         44
  -------         ENDPROC       TIMER0_ISR
  -------         PROC          INIT_TIMER0
  C:0A2EH         LINE#         46
  C:0A2EH         LINE#         47
  C:0A31H         LINE#         48
  C:0A34H         LINE#         49
  C:0A37H         LINE#         50
  C:0A39H         LINE#         51
  C:0A3BH         LINE#         52
  C:0A3DH         LINE#         53
  -------         ENDPROC       INIT_TIMER0
  -------         PROC          L?0037
  -------         ENDPROC       L?0037
  -------         PROC          _DELAY_MS
  D:0006H         SYMBOL        ms
  -------         DO            
  D:0004H         SYMBOL        i
  -------         ENDDO         
  C:09AAH         LINE#         55
  C:09AAH         LINE#         57
  C:09B4H         LINE#         58
  C:09B7H         LINE#         59
  C:09BAH         LINE#         60
  C:09BCH         LINE#         61
  C:09BFH         LINE#         62
  C:09C1H         LINE#         63
  C:09C3H         LINE#         64
  C:09CAH         LINE#         65
  -------         ENDPROC       _DELAY_MS
  -------         PROC          _LCD_CMD
  D:0007H         SYMBOL        cmd
  C:0A4CH         LINE#         67
  C:0A4CH         LINE#         68
  C:0A4EH         LINE#         69
  C:0A50H         LINE#         70
  C:0A50H         LINE#         71
  C:0A53H         LINE#         72
  C:0A55H         LINE#         73
  -------         ENDPROC       _LCD_CMD
  -------         PROC          _LCD_DATA
  D:0007H         SYMBOL        dat
  C:0A56H         LINE#         74
  C:0A56H         LINE#         75
  C:0A58H         LINE#         76
  C:0A5AH         LINE#         77
  C:0A5AH         LINE#         78
BL51 BANKED LINKER/LOCATER V6.22.2.0                                                  01/09/2025  09:53:07  PAGE 5


  C:0A5DH         LINE#         79
  C:0A5FH         LINE#         80
  -------         ENDPROC       _LCD_DATA
  -------         PROC          LCD_INIT
  C:0A09H         LINE#         81
  C:0A09H         LINE#         82
  C:0A0EH         LINE#         83
  C:0A13H         LINE#         84
  C:0A18H         LINE#         85
  -------         ENDPROC       LCD_INIT
  -------         PROC          _LCD_STRING
  D:001DH         SYMBOL        str
  C:09CBH         LINE#         87
  C:09D1H         LINE#         88
  C:09DCH         LINE#         89
  C:09EDH         LINE#         90
  C:09EFH         LINE#         91
  -------         ENDPROC       _LCD_STRING
  -------         PROC          UPDATE_DISPLAY
  -------         DO            
  D:0014H         SYMBOL        time_str
  -------         ENDDO         
  C:0915H         LINE#         93
  C:0915H         LINE#         95
  C:091AH         LINE#         97
  C:0924H         LINE#         98
  C:0930H         LINE#         99
  C:0933H         LINE#         100
  C:093DH         LINE#         101
  C:0949H         LINE#         102
  C:094CH         LINE#         103
  C:0956H         LINE#         104
  C:0962H         LINE#         105
  C:0965H         LINE#         106
  -------         ENDPROC       UPDATE_DISPLAY
  -------         PROC          CHECK_KEYS
  C:096DH         LINE#         109
  C:096DH         LINE#         110
  C:0970H         LINE#         111
  C:0977H         LINE#         112
  C:097AH         LINE#         113
  C:097DH         LINE#         114
  C:0980H         LINE#         115
  C:0980H         LINE#         116
  C:0980H         LINE#         117
  C:0983H         LINE#         118
  C:098AH         LINE#         119
  C:098DH         LINE#         120
  C:0991H         LINE#         121
  C:0994H         LINE#         122
  C:0996H         LINE#         123
  C:0999H         LINE#         124
  C:099BH         LINE#         125
  C:099DH         LINE#         126
  C:09A0H         LINE#         127
  C:09A0H         LINE#         128
  C:09A3H         LINE#         129
BL51 BANKED LINKER/LOCATER V6.22.2.0                                                  01/09/2025  09:53:07  PAGE 6


  C:09A3H         LINE#         130
  C:09A3H         LINE#         131
  -------         ENDPROC       CHECK_KEYS
  -------         PROC          MAIN
  C:0A3EH         LINE#         133
  C:0A3EH         LINE#         135
  C:0A41H         LINE#         136
  C:0A44H         LINE#         138
  C:0A47H         LINE#         140
  C:0A47H         LINE#         141
  C:0A4AH         LINE#         142
  -------         ENDPROC       MAIN
  -------         ENDMOD        DIGITALCLOCK

  -------         MODULE        ?C?CLDPTR
  C:09F0H         PUBLIC        ?C?CLDPTR
  -------         ENDMOD        ?C?CLDPTR

*** WARNING L15: MULTIPLE CALL TO SEGMENT
    SEGMENT: ?PR?UPDATE_DISPLAY?DIGITALCLOCK
    CALLER1: ?C_C51STARTUP
    CALLER2: ?PR?TIMER0_ISR?DIGITALCLOCK

*** WARNING L15: MULTIPLE CALL TO SEGMENT
    SEGMENT: ?PR?_LCD_STRING?DIGITALCLOCK
    CALLER1: ?C_C51STARTUP
    CALLER2: ?PR?TIMER0_ISR?DIGITALCLOCK

******************************************************************************
* RESTRICTED VERSION WITH 0800H BYTE CODE SIZE LIMIT; USED: 01CCH BYTE (22%) *
******************************************************************************

Program Size: data=39.0 xdata=0 code=614
LINK/LOCATE RUN COMPLETE.  2 WARNING(S),  0 ERROR(S)
