BL51 BANKED LINKER/LOCATER V6.22.2.0                                                    12/05/2024  09:54:50  PAGE 1


BL51 BANKED LINKER/LOCATER V6.22.2.0, INVOKED BY:
C:\KEIL_V5\C51\BIN\BL51.EXE .\Objects\STARTUP.obj, .\Objects\LEDs.obj TO .\Objects\LEDs PRINT (.\Listings\LEDs.m51) RAMS
>> IZE (256)


INPUT MODULES INCLUDED:
  .\Objects\STARTUP.obj (?C_STARTUP)
  .\Objects\LEDs.obj (LEDS)


LINK MAP OF MODULE:  .\Objects\LEDs (?C_STARTUP)


            TYPE    BASE      LENGTH    RELOCATION   SEGMENT NAME
            -----------------------------------------------------

            * * * * * * *   D A T A   M E M O R Y   * * * * * * *
            REG     0000H     0008H     ABSOLUTE     "REG BANK 0"
            IDATA   0008H     0001H     UNIT         ?STACK

            * * * * * * *   C O D E   M E M O R Y   * * * * * * *
            CODE    0000H     0003H     ABSOLUTE     
* OVERLAP * CODE    0000H     0081H     ABSOLUTE     
                    0081H     077FH                  *** GAP ***
            CODE    0800H     000CH     UNIT         ?C_C51STARTUP



UNRESOLVED EXTERNAL SYMBOLS:
   ?C_START



SYMBOL TABLE OF MODULE:  .\Objects\LEDs (?C_STARTUP)

  VALUE           TYPE          NAME
  ----------------------------------

  -------         MODULE        ?C_STARTUP
  C:0800H         SEGMENT       ?C_C51STARTUP
  I:0008H         SEGMENT       ?STACK
  C:0000H         PUBLIC        ?C_STARTUP
  D:00E0H         SYMBOL        ACC
  D:00F0H         SYMBOL        B
  D:0083H         SYMBOL        DPH
  D:0082H         SYMBOL        DPL
  N:0000H         SYMBOL        IBPSTACK
  N:0100H         SYMBOL        IBPSTACKTOP
  N:0080H         SYMBOL        IDATALEN
  C:0803H         SYMBOL        IDATALOOP
  N:0000H         SYMBOL        PBPSTACK
  N:0100H         SYMBOL        PBPSTACKTOP
  N:0000H         SYMBOL        PDATALEN
  N:0000H         SYMBOL        PDATASTART
  N:0000H         SYMBOL        PPAGE
  N:0000H         SYMBOL        PPAGEENABLE
  D:00A0H         SYMBOL        PPAGE_SFR
  D:0081H         SYMBOL        SP
BL51 BANKED LINKER/LOCATER V6.22.2.0                                                  12/05/2024  09:54:50  PAGE 2


  C:0800H         SYMBOL        STARTUP1
  N:0000H         SYMBOL        XBPSTACK
  N:0000H         SYMBOL        XBPSTACKTOP
  N:0000H         SYMBOL        XDATALEN
  N:0000H         SYMBOL        XDATASTART
  C:0000H         LINE#         126
  C:0800H         LINE#         133
  C:0802H         LINE#         134
  C:0803H         LINE#         135
  C:0804H         LINE#         136
  C:0806H         LINE#         185
  C:0809H         LINE#         196
  -------         ENDMOD        ?C_STARTUP

  -------         MODULE        LEDS
  C:0078H         SYMBOL        DELAY
  C:007CH         SYMBOL        DELAY_INNER
  C:007AH         SYMBOL        DELAY_OUTER
  C:0055H         SYMBOL        LEFT
  C:0032H         SYMBOL        NEXT1
  C:0038H         SYMBOL        NEXT2
  C:003EH         SYMBOL        NEXT3
  C:0044H         SYMBOL        NEXT4
  C:0057H         SYMBOL        N_L
  C:004CH         SYMBOL        N_R
  D:00A0H         SYMBOL        P2
  C:004AH         SYMBOL        RIGHT
  C:0060H         SYMBOL        SHOW1
  C:006CH         SYMBOL        SHOW2
  C:0030H         SYMBOL        START
  C:0000H         LINE#         2
  C:0030H         LINE#         5
  C:0032H         LINE#         7
  C:0034H         LINE#         8
  C:0036H         LINE#         9
  C:0038H         LINE#         11
  C:003AH         LINE#         12
  C:003CH         LINE#         13
  C:003EH         LINE#         15
  C:0040H         LINE#         16
  C:0042H         LINE#         17
  C:0044H         LINE#         19
  C:0046H         LINE#         20
  C:0048H         LINE#         21
  C:004AH         LINE#         25
  C:004CH         LINE#         27
  C:004EH         LINE#         28
  C:0050H         LINE#         29
  C:0051H         LINE#         30
  C:0054H         LINE#         31
  C:0055H         LINE#         35
  C:0057H         LINE#         37
  C:0059H         LINE#         38
  C:005BH         LINE#         39
  C:005CH         LINE#         40
  C:005FH         LINE#         41
  C:0060H         LINE#         45
BL51 BANKED LINKER/LOCATER V6.22.2.0                                                  12/05/2024  09:54:50  PAGE 3


  C:0062H         LINE#         46
  C:0064H         LINE#         47
  C:0066H         LINE#         48
  C:0067H         LINE#         49
  C:0069H         LINE#         50
  C:006BH         LINE#         51
  C:006CH         LINE#         55
  C:006EH         LINE#         56
  C:0070H         LINE#         57
  C:0072H         LINE#         58
  C:0073H         LINE#         59
  C:0075H         LINE#         60
  C:0077H         LINE#         61
  C:0078H         LINE#         65
  C:007AH         LINE#         67
  C:007CH         LINE#         69
  C:007EH         LINE#         70
  C:0080H         LINE#         71
  -------         ENDMOD        LEDS

*** WARNING L5: CODE SPACE MEMORY OVERLAP
    FROM:    0000H
    TO:      0002H

*** WARNING L1: UNRESOLVED EXTERNAL SYMBOL
    SYMBOL:  ?C_START
    MODULE:  .\Objects\STARTUP.obj (?C_STARTUP)

*** WARNING L2: REFERENCE MADE TO UNRESOLVED EXTERNAL
    SYMBOL:  ?C_START
    MODULE:  .\Objects\STARTUP.obj (?C_STARTUP)
    ADDRESS: 080AH

******************************************************************************
* RESTRICTED VERSION WITH 0800H BYTE CODE SIZE LIMIT; USED: 0063H BYTE ( 4%) *
******************************************************************************

Program Size: data=9.0 xdata=0 code=144
LINK/LOCATE RUN COMPLETE.  3 WARNING(S),  0 ERROR(S)
