BL51 BANKED LINKER/LOCATER V6.22.2.0                                                    12/05/2024  10:20:54  PAGE 1


BL51 BANKED LINKER/LOCATER V6.22.2.0, INVOKED BY:
C:\KEIL_V5\C51\BIN\BL51.EXE .\Objects\STARTUP.obj, .\Objects\Dot Matrix LEDLOOKUPTABLE.obj TO .\Objects\Dot Matrix LEDLO
>> OKUPTABLE PRINT (.\Listings\Dot Matrix LEDLOOKUPTABLE.m51) RAMSIZE (256)


INPUT MODULES INCLUDED:
  .\Objects\STARTUP.obj (?C_STARTUP)
  .\Objects\Dot Matrix LEDLOOKUPTABLE.obj (DOT_MATRIX_LEDLOOKUPTABLE)


LINK MAP OF MODULE:  .\Objects\Dot Matrix LEDLOOKUPTABLE (?C_STARTUP)


            TYPE    BASE      LENGTH    RELOCATION   SEGMENT NAME
            -----------------------------------------------------

            * * * * * * *   D A T A   M E M O R Y   * * * * * * *
            REG     0000H     0008H     ABSOLUTE     "REG BANK 0"
            IDATA   0008H     0001H     UNIT         ?STACK

            * * * * * * *   C O D E   M E M O R Y   * * * * * * *
            CODE    0000H     0003H     ABSOLUTE     
* OVERLAP * CODE    0000H     0042H     ABSOLUTE     
                    0042H     07BEH                  *** GAP ***
            CODE    0800H     000CH     UNIT         ?C_C51STARTUP



UNRESOLVED EXTERNAL SYMBOLS:
   ?C_START



SYMBOL TABLE OF MODULE:  .\Objects\Dot Matrix LEDLOOKUPTABLE (?C_STARTUP)

  VALUE           TYPE          NAME
  ----------------------------------

  -------         MODULE        ?C_STARTUP
  C:0800H         SEGMENT       ?C_C51STARTUP
  I:0008H         SEGMENT       ?STACK
  C:0000H         PUBLIC        ?C_STARTUP
  D:00E0H         SYMBOL        ACC
  D:00F0H         SYMBOL        B
  D:0083H         SYMBOL        DPH
  D:0082H         SYMBOL        DPL
  N:0000H         SYMBOL        IBPSTACK
  N:0100H         SYMBOL        IBPSTACKTOP
  N:0080H         SYMBOL        IDATALEN
  C:0803H         SYMBOL        IDATALOOP
  N:0000H         SYMBOL        PBPSTACK
  N:0100H         SYMBOL        PBPSTACKTOP
  N:0000H         SYMBOL        PDATALEN
  N:0000H         SYMBOL        PDATASTART
  N:0000H         SYMBOL        PPAGE
  N:0000H         SYMBOL        PPAGEENABLE
  D:00A0H         SYMBOL        PPAGE_SFR
  D:0081H         SYMBOL        SP
BL51 BANKED LINKER/LOCATER V6.22.2.0                                                  12/05/2024  10:20:54  PAGE 2


  C:0800H         SYMBOL        STARTUP1
  N:0000H         SYMBOL        XBPSTACK
  N:0000H         SYMBOL        XBPSTACKTOP
  N:0000H         SYMBOL        XDATALEN
  N:0000H         SYMBOL        XDATASTART
  C:0000H         LINE#         126
  C:0800H         LINE#         133
  C:0802H         LINE#         134
  C:0803H         LINE#         135
  C:0804H         LINE#         136
  C:0806H         LINE#         185
  C:0809H         LINE#         196
  -------         ENDMOD        ?C_STARTUP

  -------         MODULE        DOT_MATRIX_LEDLOOKUPTABLE
  C:0003H         SYMBOL        ALPHABET_TABLE
  C:001FH         SYMBOL        COLUMN_LOOP
  C:0012H         SYMBOL        DELAY_5MS
  C:0014H         SYMBOL        DELAY_LOOP1
  C:0016H         SYMBOL        DELAY_LOOP2
  C:001BH         SYMBOL        DISPLAY_CHAR
  C:002BH         SYMBOL        MAIN
  D:0090H         SYMBOL        P1
  C:001DH         SYMBOL        REPEAT_CHAR
  C:0040H         SYMBOL        STOP
  C:0000H         LINE#         4
  C:0012H         LINE#         17
  C:0014H         LINE#         19
  C:0016H         LINE#         21
  C:0018H         LINE#         22
  C:001AH         LINE#         23
  C:001BH         LINE#         27
  C:001DH         LINE#         29
  C:001FH         LINE#         32
  C:0020H         LINE#         33
  C:0021H         LINE#         34
  C:0022H         LINE#         36
  C:0024H         LINE#         37
  C:0026H         LINE#         39
  C:0028H         LINE#         41
  C:002AH         LINE#         42
  C:002BH         LINE#         46
  C:002EH         LINE#         49
  C:0031H         LINE#         50
  C:0033H         LINE#         52
  C:0036H         LINE#         53
  C:0038H         LINE#         55
  C:003BH         LINE#         56
  C:003DH         LINE#         58
  C:0040H         LINE#         61
  -------         ENDMOD        DOT_MATRIX_LEDLOOKUPTABLE

*** WARNING L5: CODE SPACE MEMORY OVERLAP
    FROM:    0000H
    TO:      0002H

*** WARNING L1: UNRESOLVED EXTERNAL SYMBOL
BL51 BANKED LINKER/LOCATER V6.22.2.0                                                  12/05/2024  10:20:54  PAGE 3


    SYMBOL:  ?C_START
    MODULE:  .\Objects\STARTUP.obj (?C_STARTUP)

*** WARNING L2: REFERENCE MADE TO UNRESOLVED EXTERNAL
    SYMBOL:  ?C_START
    MODULE:  .\Objects\STARTUP.obj (?C_STARTUP)
    ADDRESS: 080AH

******************************************************************************
* RESTRICTED VERSION WITH 0800H BYTE CODE SIZE LIMIT; USED: 0051H BYTE ( 3%) *
******************************************************************************

Program Size: data=9.0 xdata=0 code=81
LINK/LOCATE RUN COMPLETE.  3 WARNING(S),  0 ERROR(S)
