BL51 BANKED LINKER/LOCATER V6.22.2.0                                                    12/13/2024  12:26:22  PAGE 1


BL51 BANKED LINKER/LOCATER V6.22.2.0, INVOKED BY:
C:\KEIL_V5\C51\BIN\BL51.EXE .\Objects\STARTUP.obj, .\Objects\stepmotor.obj TO .\Objects\stepmotor PRINT (.\Listings\step
>> motor.m51) RAMSIZE (256)


INPUT MODULES INCLUDED:
  .\Objects\STARTUP.obj (?C_STARTUP)
  .\Objects\stepmotor.obj (STEPMOTOR)


LINK MAP OF MODULE:  .\Objects\stepmotor (?C_STARTUP)


            TYPE    BASE      LENGTH    RELOCATION   SEGMENT NAME
            -----------------------------------------------------

            * * * * * * *   D A T A   M E M O R Y   * * * * * * *
            REG     0000H     0008H     ABSOLUTE     "REG BANK 0"
            IDATA   0008H     0001H     UNIT         ?STACK

            * * * * * * *   C O D E   M E M O R Y   * * * * * * *
            CODE    0000H     0003H     ABSOLUTE     
* OVERLAP * CODE    0000H     001CH     ABSOLUTE     
                    001CH     07E4H                  *** GAP ***
            CODE    0800H     000CH     UNIT         ?C_C51STARTUP



UNRESOLVED EXTERNAL SYMBOLS:
   ?C_START



SYMBOL TABLE OF MODULE:  .\Objects\stepmotor (?C_STARTUP)

  VALUE           TYPE          NAME
  ----------------------------------

  -------         MODULE        ?C_STARTUP
  C:0800H         SEGMENT       ?C_C51STARTUP
  I:0008H         SEGMENT       ?STACK
  C:0000H         PUBLIC        ?C_STARTUP
  D:00E0H         SYMBOL        ACC
  D:00F0H         SYMBOL        B
  D:0083H         SYMBOL        DPH
  D:0082H         SYMBOL        DPL
  N:0000H         SYMBOL        IBPSTACK
  N:0100H         SYMBOL        IBPSTACKTOP
  N:0080H         SYMBOL        IDATALEN
  C:0803H         SYMBOL        IDATALOOP
  N:0000H         SYMBOL        PBPSTACK
  N:0100H         SYMBOL        PBPSTACKTOP
  N:0000H         SYMBOL        PDATALEN
  N:0000H         SYMBOL        PDATASTART
  N:0000H         SYMBOL        PPAGE
  N:0000H         SYMBOL        PPAGEENABLE
  D:00A0H         SYMBOL        PPAGE_SFR
  D:0081H         SYMBOL        SP
BL51 BANKED LINKER/LOCATER V6.22.2.0                                                  12/13/2024  12:26:22  PAGE 2


  C:0800H         SYMBOL        STARTUP1
  N:0000H         SYMBOL        XBPSTACK
  N:0000H         SYMBOL        XBPSTACKTOP
  N:0000H         SYMBOL        XDATALEN
  N:0000H         SYMBOL        XDATASTART
  C:0000H         LINE#         126
  C:0800H         LINE#         133
  C:0802H         LINE#         134
  C:0803H         LINE#         135
  C:0804H         LINE#         136
  C:0806H         LINE#         185
  C:0809H         LINE#         196
  -------         ENDMOD        ?C_STARTUP

  -------         MODULE        STEPMOTOR
  C:000FH         SYMBOL        D1
  C:0011H         SYMBOL        D2
  C:000DH         SYMBOL        DELAY
  C:0016H         SYMBOL        DELAY_5US
  C:0004H         SYMBOL        LOOP
  C:0000H         SYMBOL        MAIN
  D:0090H         SYMBOL        P1
  C:0000H         LINE#         3
  C:0002H         LINE#         4
  C:0004H         LINE#         6
  C:0006H         LINE#         7
  C:0008H         LINE#         8
  C:0009H         LINE#         9
  C:000BH         LINE#         10
  C:000DH         LINE#         13
  C:000FH         LINE#         14
  C:0011H         LINE#         15
  C:0013H         LINE#         16
  C:0015H         LINE#         17
  C:0016H         LINE#         20
  C:0017H         LINE#         21
  C:0018H         LINE#         22
  C:0019H         LINE#         23
  C:001AH         LINE#         24
  C:001BH         LINE#         25
  -------         ENDMOD        STEPMOTOR

*** WARNING L5: CODE SPACE MEMORY OVERLAP
    FROM:    0000H
    TO:      0002H

*** WARNING L1: UNRESOLVED EXTERNAL SYMBOL
    SYMBOL:  ?C_START
    MODULE:  .\Objects\STARTUP.obj (?C_STARTUP)

*** WARNING L2: REFERENCE MADE TO UNRESOLVED EXTERNAL
    SYMBOL:  ?C_START
    MODULE:  .\Objects\STARTUP.obj (?C_STARTUP)
    ADDRESS: 080AH

******************************************************************************
* RESTRICTED VERSION WITH 0800H BYTE CODE SIZE LIMIT; USED: 002BH BYTE ( 2%) *
BL51 BANKED LINKER/LOCATER V6.22.2.0                                                  12/13/2024  12:26:22  PAGE 3


******************************************************************************

Program Size: data=9.0 xdata=0 code=43
LINK/LOCATE RUN COMPLETE.  3 WARNING(S),  0 ERROR(S)
