BL51 BANKED LINKER/LOCATER V6.22.2.0                                                    11/13/2024  09:03:03  PAGE 1


BL51 BANKED LINKER/LOCATER V6.22.2.0, INVOKED BY:
C:\KEIL_V5\C51\BIN\BL51.EXE .\Objects\STARTUP.obj, .\Objects\dotmartixledaplahabet.obj TO .\Objects\dotmartixledaplahabe
>> t PRINT (.\Listings\dotmartixledaplahabet.m51) RAMSIZE (256)


INPUT MODULES INCLUDED:
  .\Objects\STARTUP.obj (?C_STARTUP)
  .\Objects\dotmartixledaplahabet.obj (DOTMARTIXLEDAPLAHABET)


LINK MAP OF MODULE:  .\Objects\dotmartixledaplahabet (?C_STARTUP)


            TYPE    BASE      LENGTH    RELOCATION   SEGMENT NAME
            -----------------------------------------------------

            * * * * * * *   D A T A   M E M O R Y   * * * * * * *
            REG     0000H     0008H     ABSOLUTE     "REG BANK 0"
            IDATA   0008H     0001H     UNIT         ?STACK

            * * * * * * *   C O D E   M E M O R Y   * * * * * * *
            CODE    0000H     0003H     ABSOLUTE     
* OVERLAP * CODE    0000H     0039H     ABSOLUTE     
                    0039H     07C7H                  *** GAP ***
            CODE    0800H     000CH     UNIT         ?C_C51STARTUP



UNRESOLVED EXTERNAL SYMBOLS:
   ?C_START



SYMBOL TABLE OF MODULE:  .\Objects\dotmartixledaplahabet (?C_STARTUP)

  VALUE           TYPE          NAME
  ----------------------------------

  -------         MODULE        ?C_STARTUP
  C:0800H         SEGMENT       ?C_C51STARTUP
  I:0008H         SEGMENT       ?STACK
  C:0000H         PUBLIC        ?C_STARTUP
  D:00E0H         SYMBOL        ACC
  D:00F0H         SYMBOL        B
  D:0083H         SYMBOL        DPH
  D:0082H         SYMBOL        DPL
  N:0000H         SYMBOL        IBPSTACK
  N:0100H         SYMBOL        IBPSTACKTOP
  N:0080H         SYMBOL        IDATALEN
  C:0803H         SYMBOL        IDATALOOP
  N:0000H         SYMBOL        PBPSTACK
  N:0100H         SYMBOL        PBPSTACKTOP
  N:0000H         SYMBOL        PDATALEN
  N:0000H         SYMBOL        PDATASTART
  N:0000H         SYMBOL        PPAGE
  N:0000H         SYMBOL        PPAGEENABLE
  D:00A0H         SYMBOL        PPAGE_SFR
  D:0081H         SYMBOL        SP
BL51 BANKED LINKER/LOCATER V6.22.2.0                                                  11/13/2024  09:03:03  PAGE 2


  C:0800H         SYMBOL        STARTUP1
  N:0000H         SYMBOL        XBPSTACK
  N:0000H         SYMBOL        XBPSTACKTOP
  N:0000H         SYMBOL        XDATALEN
  N:0000H         SYMBOL        XDATASTART
  C:0000H         LINE#         126
  C:0800H         LINE#         133
  C:0802H         LINE#         134
  C:0803H         LINE#         135
  C:0804H         LINE#         136
  C:0806H         LINE#         185
  C:0809H         LINE#         196
  -------         ENDMOD        ?C_STARTUP

  -------         MODULE        DOTMARTIXLEDAPLAHABET
  C:0033H         SYMBOL        DELAY_10MS
  C:0035H         SYMBOL        DELAY_10MS_LOOP
  C:002CH         SYMBOL        DELAY_500MS
  C:002EH         SYMBOL        DELAY_LOOP
  C:0023H         SYMBOL        DISPLAY_LETTER
  C:0025H         SYMBOL        DISP_LOOP
  C:0000H         SYMBOL        LETTER_A
  C:0005H         SYMBOL        LETTER_B
  C:000AH         SYMBOL        LETTER_C
  C:000FH         SYMBOL        MAIN
  D:0090H         SYMBOL        P1
  C:000FH         LINE#         9
  C:0011H         LINE#         10
  C:0013H         LINE#         11
  C:0015H         LINE#         12
  C:0017H         LINE#         13
  C:0019H         LINE#         14
  C:001BH         LINE#         15
  C:001DH         LINE#         16
  C:001FH         LINE#         17
  C:0021H         LINE#         18
  C:0023H         LINE#         21
  C:0025H         LINE#         23
  C:0026H         LINE#         24
  C:0028H         LINE#         25
  C:0029H         LINE#         26
  C:002BH         LINE#         27
  C:002CH         LINE#         30
  C:002EH         LINE#         32
  C:0030H         LINE#         33
  C:0032H         LINE#         34
  C:0033H         LINE#         37
  C:0035H         LINE#         39
  C:0036H         LINE#         40
  C:0038H         LINE#         41
  -------         ENDMOD        DOTMARTIXLEDAPLAHABET

*** WARNING L5: CODE SPACE MEMORY OVERLAP
    FROM:    0000H
    TO:      0002H

*** WARNING L1: UNRESOLVED EXTERNAL SYMBOL
BL51 BANKED LINKER/LOCATER V6.22.2.0                                                  11/13/2024  09:03:03  PAGE 3


    SYMBOL:  ?C_START
    MODULE:  .\Objects\STARTUP.obj (?C_STARTUP)

*** WARNING L2: REFERENCE MADE TO UNRESOLVED EXTERNAL
    SYMBOL:  ?C_START
    MODULE:  .\Objects\STARTUP.obj (?C_STARTUP)
    ADDRESS: 080AH

******************************************************************************
* RESTRICTED VERSION WITH 0800H BYTE CODE SIZE LIMIT; USED: 0048H BYTE ( 3%) *
******************************************************************************

Program Size: data=9.0 xdata=0 code=72
LINK/LOCATE RUN COMPLETE.  3 WARNING(S),  0 ERROR(S)
