BL51 BANKED LINKER/LOCATER V6.22.2.0                                                    12/05/2024  09:50:10  PAGE 1


BL51 BANKED LINKER/LOCATER V6.22.2.0, INVOKED BY:
C:\KEIL_V5\C51\BIN\BL51.EXE .\Objects\STARTUP.obj, .\Objects\DATAPOINTER.obj TO .\Objects\DATAPOINTER PRINT (.\Listings\
>> DATAPOINTER.m51) RAMSIZE (256)


INPUT MODULES INCLUDED:
  .\Objects\STARTUP.obj (?C_STARTUP)
  .\Objects\DATAPOINTER.obj (DATAPOINTER)


LINK MAP OF MODULE:  .\Objects\DATAPOINTER (?C_STARTUP)


            TYPE    BASE      LENGTH    RELOCATION   SEGMENT NAME
            -----------------------------------------------------

            * * * * * * *   D A T A   M E M O R Y   * * * * * * *
            REG     0000H     0008H     ABSOLUTE     "REG BANK 0"
            IDATA   0008H     0001H     UNIT         ?STACK

            * * * * * * *   C O D E   M E M O R Y   * * * * * * *
            CODE    0000H     0003H     ABSOLUTE     
* OVERLAP * CODE    0000H     0133H     ABSOLUTE     
                    0133H     06CDH                  *** GAP ***
            CODE    0800H     000CH     UNIT         ?C_C51STARTUP



UNRESOLVED EXTERNAL SYMBOLS:
   ?C_START



SYMBOL TABLE OF MODULE:  .\Objects\DATAPOINTER (?C_STARTUP)

  VALUE           TYPE          NAME
  ----------------------------------

  -------         MODULE        ?C_STARTUP
  C:0800H         SEGMENT       ?C_C51STARTUP
  I:0008H         SEGMENT       ?STACK
  C:0000H         PUBLIC        ?C_STARTUP
  D:00E0H         SYMBOL        ACC
  D:00F0H         SYMBOL        B
  D:0083H         SYMBOL        DPH
  D:0082H         SYMBOL        DPL
  N:0000H         SYMBOL        IBPSTACK
  N:0100H         SYMBOL        IBPSTACKTOP
  N:0080H         SYMBOL        IDATALEN
  C:0803H         SYMBOL        IDATALOOP
  N:0000H         SYMBOL        PBPSTACK
  N:0100H         SYMBOL        PBPSTACKTOP
  N:0000H         SYMBOL        PDATALEN
  N:0000H         SYMBOL        PDATASTART
  N:0000H         SYMBOL        PPAGE
  N:0000H         SYMBOL        PPAGEENABLE
  D:00A0H         SYMBOL        PPAGE_SFR
  D:0081H         SYMBOL        SP
BL51 BANKED LINKER/LOCATER V6.22.2.0                                                  12/05/2024  09:50:10  PAGE 2


  C:0800H         SYMBOL        STARTUP1
  N:0000H         SYMBOL        XBPSTACK
  N:0000H         SYMBOL        XBPSTACKTOP
  N:0000H         SYMBOL        XDATALEN
  N:0000H         SYMBOL        XDATASTART
  C:0000H         LINE#         126
  C:0800H         LINE#         133
  C:0802H         LINE#         134
  C:0803H         LINE#         135
  C:0804H         LINE#         136
  C:0806H         LINE#         185
  C:0809H         LINE#         196
  -------         ENDMOD        ?C_STARTUP

  -------         MODULE        DATAPOINTER
  C:012AH         SYMBOL        DELAY_100MS
  C:012EH         SYMBOL        INNER_LOOP
  C:0100H         SYMBOL        LED_PATTERNS
  C:0117H         SYMBOL        MAIN
  C:012CH         SYMBOL        OUTER_LOOP
  D:00A0H         SYMBOL        P2
  C:011FH         SYMBOL        PATTERN_LOOP
  C:0128H         SYMBOL        STOP
  C:0000H         LINE#         5
  C:0117H         LINE#         35
  C:011AH         LINE#         36
  C:011DH         LINE#         37
  C:011FH         LINE#         41
  C:0120H         LINE#         42
  C:0121H         LINE#         43
  C:0122H         LINE#         44
  C:0124H         LINE#         47
  C:0126H         LINE#         50
  C:0128H         LINE#         54
  C:012AH         LINE#         59
  C:012CH         LINE#         61
  C:012EH         LINE#         63
  C:0130H         LINE#         64
  C:0132H         LINE#         65
  -------         ENDMOD        DATAPOINTER

*** WARNING L5: CODE SPACE MEMORY OVERLAP
    FROM:    0000H
    TO:      0002H

*** WARNING L1: UNRESOLVED EXTERNAL SYMBOL
    SYMBOL:  ?C_START
    MODULE:  .\Objects\STARTUP.obj (?C_STARTUP)

*** WARNING L2: REFERENCE MADE TO UNRESOLVED EXTERNAL
    SYMBOL:  ?C_START
    MODULE:  .\Objects\STARTUP.obj (?C_STARTUP)
    ADDRESS: 080AH

******************************************************************************
* RESTRICTED VERSION WITH 0800H BYTE CODE SIZE LIMIT; USED: 0045H BYTE ( 3%) *
******************************************************************************
BL51 BANKED LINKER/LOCATER V6.22.2.0                                                  12/05/2024  09:50:10  PAGE 3



Program Size: data=9.0 xdata=0 code=322
LINK/LOCATE RUN COMPLETE.  3 WARNING(S),  0 ERROR(S)
