BL51 BANKED LINKER/LOCATER V6.22.2.0                                                    12/05/2024  10:11:10  PAGE 1


BL51 BANKED LINKER/LOCATER V6.22.2.0, INVOKED BY:
C:\KEIL_V5\C51\BIN\BL51.EXE .\Objects\STARTUP.obj, .\Objects\up counter.obj TO .\Objects\up counter PRINT (.\Listings\up
>>  counter.m51) RAMSIZE (256)


INPUT MODULES INCLUDED:
  .\Objects\STARTUP.obj (?C_STARTUP)
  .\Objects\up counter.obj (UP_COUNTER)


LINK MAP OF MODULE:  .\Objects\up counter (?C_STARTUP)


            TYPE    BASE      LENGTH    RELOCATION   SEGMENT NAME
            -----------------------------------------------------

            * * * * * * *   D A T A   M E M O R Y   * * * * * * *
            REG     0000H     0008H     ABSOLUTE     "REG BANK 0"
            IDATA   0008H     0001H     UNIT         ?STACK

            * * * * * * *   C O D E   M E M O R Y   * * * * * * *
            CODE    0000H     0003H     ABSOLUTE     
* OVERLAP * CODE    0000H     012EH     ABSOLUTE     
                    012EH     06D2H                  *** GAP ***
            CODE    0800H     000CH     UNIT         ?C_C51STARTUP



UNRESOLVED EXTERNAL SYMBOLS:
   ?C_START



SYMBOL TABLE OF MODULE:  .\Objects\up counter (?C_STARTUP)

  VALUE           TYPE          NAME
  ----------------------------------

  -------         MODULE        ?C_STARTUP
  C:0800H         SEGMENT       ?C_C51STARTUP
  I:0008H         SEGMENT       ?STACK
  C:0000H         PUBLIC        ?C_STARTUP
  D:00E0H         SYMBOL        ACC
  D:00F0H         SYMBOL        B
  D:0083H         SYMBOL        DPH
  D:0082H         SYMBOL        DPL
  N:0000H         SYMBOL        IBPSTACK
  N:0100H         SYMBOL        IBPSTACKTOP
  N:0080H         SYMBOL        IDATALEN
  C:0803H         SYMBOL        IDATALOOP
  N:0000H         SYMBOL        PBPSTACK
  N:0100H         SYMBOL        PBPSTACKTOP
  N:0000H         SYMBOL        PDATALEN
  N:0000H         SYMBOL        PDATASTART
  N:0000H         SYMBOL        PPAGE
  N:0000H         SYMBOL        PPAGEENABLE
  D:00A0H         SYMBOL        PPAGE_SFR
  D:0081H         SYMBOL        SP
BL51 BANKED LINKER/LOCATER V6.22.2.0                                                  12/05/2024  10:11:10  PAGE 2


  C:0800H         SYMBOL        STARTUP1
  N:0000H         SYMBOL        XBPSTACK
  N:0000H         SYMBOL        XBPSTACKTOP
  N:0000H         SYMBOL        XDATALEN
  N:0000H         SYMBOL        XDATASTART
  C:0000H         LINE#         126
  C:0800H         LINE#         133
  C:0802H         LINE#         134
  C:0803H         LINE#         135
  C:0804H         LINE#         136
  C:0806H         LINE#         185
  C:0809H         LINE#         196
  -------         ENDMOD        ?C_STARTUP

  -------         MODULE        UP_COUNTER
  C:0119H         SYMBOL        CHECK_CONTINUE
  C:0107H         SYMBOL        COUNTER_LOOP
  C:0125H         SYMBOL        DELAY
  C:0129H         SYMBOL        DELAY_INNER
  C:0127H         SYMBOL        DELAY_OUTER
  C:011BH         SYMBOL        DISPLAY_NUMBER
  C:0030H         SYMBOL        LOOKUP_TABLE
  C:0100H         SYMBOL        MAIN
  D:0090H         SYMBOL        P1
  C:0000H         LINE#         3
  C:0100H         LINE#         22
  C:0103H         LINE#         24
  C:0105H         LINE#         25
  C:0107H         LINE#         28
  C:0109H         LINE#         30
  C:010BH         LINE#         32
  C:010CH         LINE#         33
  C:010DH         LINE#         34
  C:0110H         LINE#         36
  C:0112H         LINE#         37
  C:0113H         LINE#         38
  C:0114H         LINE#         39
  C:0117H         LINE#         41
  C:0119H         LINE#         43
  C:011BH         LINE#         47
  C:011CH         LINE#         48
  C:011DH         LINE#         49
  C:011FH         LINE#         51
  C:0120H         LINE#         52
  C:0121H         LINE#         53
  C:0122H         LINE#         54
  C:0124H         LINE#         55
  C:0125H         LINE#         59
  C:0127H         LINE#         61
  C:0129H         LINE#         63
  C:012BH         LINE#         64
  C:012DH         LINE#         65
  -------         ENDMOD        UP_COUNTER

*** WARNING L5: CODE SPACE MEMORY OVERLAP
    FROM:    0000H
    TO:      0002H
BL51 BANKED LINKER/LOCATER V6.22.2.0                                                  12/05/2024  10:11:10  PAGE 3



*** WARNING L1: UNRESOLVED EXTERNAL SYMBOL
    SYMBOL:  ?C_START
    MODULE:  .\Objects\STARTUP.obj (?C_STARTUP)

*** WARNING L2: REFERENCE MADE TO UNRESOLVED EXTERNAL
    SYMBOL:  ?C_START
    MODULE:  .\Objects\STARTUP.obj (?C_STARTUP)
    ADDRESS: 080AH

******************************************************************************
* RESTRICTED VERSION WITH 0800H BYTE CODE SIZE LIMIT; USED: 004AH BYTE ( 3%) *
******************************************************************************

Program Size: data=9.0 xdata=0 code=317
LINK/LOCATE RUN COMPLETE.  3 WARNING(S),  0 ERROR(S)
