BL51 BANKED LINKER/LOCATER V6.22.2.0                                                    12/25/2024  23:42:03  PAGE 1


BL51 BANKED LINKER/LOCATER V6.22.2.0, INVOKED BY:
C:\KEIL_V5\C51\BIN\BL51.EXE .\Objects\STARTUP.obj, .\Objects\LEDBAR.obj TO .\Objects\LEDBAR PRINT (.\Listings\LEDBAR.m51
>> ) RAMSIZE (256)


INPUT MODULES INCLUDED:
  .\Objects\STARTUP.obj (?C_STARTUP)
  .\Objects\LEDBAR.obj (LEDBAR)


LINK MAP OF MODULE:  .\Objects\LEDBAR (?C_STARTUP)


            TYPE    BASE      LENGTH    RELOCATION   SEGMENT NAME
            -----------------------------------------------------

            * * * * * * *   D A T A   M E M O R Y   * * * * * * *
            REG     0000H     0008H     ABSOLUTE     "REG BANK 0"
            IDATA   0008H     0001H     UNIT         ?STACK

            * * * * * * *   C O D E   M E M O R Y   * * * * * * *
            CODE    0000H     0003H     ABSOLUTE     
* OVERLAP * CODE    0000H     007BH     ABSOLUTE     
                    007BH     0785H                  *** GAP ***
            CODE    0800H     000CH     UNIT         ?C_C51STARTUP



UNRESOLVED EXTERNAL SYMBOLS:
   ?C_START



SYMBOL TABLE OF MODULE:  .\Objects\LEDBAR (?C_STARTUP)

  VALUE           TYPE          NAME
  ----------------------------------

  -------         MODULE        ?C_STARTUP
  C:0800H         SEGMENT       ?C_C51STARTUP
  I:0008H         SEGMENT       ?STACK
  C:0000H         PUBLIC        ?C_STARTUP
  D:00E0H         SYMBOL        ACC
  D:00F0H         SYMBOL        B
  D:0083H         SYMBOL        DPH
  D:0082H         SYMBOL        DPL
  N:0000H         SYMBOL        IBPSTACK
  N:0100H         SYMBOL        IBPSTACKTOP
  N:0080H         SYMBOL        IDATALEN
  C:0803H         SYMBOL        IDATALOOP
  N:0000H         SYMBOL        PBPSTACK
  N:0100H         SYMBOL        PBPSTACKTOP
  N:0000H         SYMBOL        PDATALEN
  N:0000H         SYMBOL        PDATASTART
  N:0000H         SYMBOL        PPAGE
  N:0000H         SYMBOL        PPAGEENABLE
  D:00A0H         SYMBOL        PPAGE_SFR
  D:0081H         SYMBOL        SP
BL51 BANKED LINKER/LOCATER V6.22.2.0                                                  12/25/2024  23:42:03  PAGE 2


  C:0800H         SYMBOL        STARTUP1
  N:0000H         SYMBOL        XBPSTACK
  N:0000H         SYMBOL        XBPSTACKTOP
  N:0000H         SYMBOL        XDATALEN
  N:0000H         SYMBOL        XDATASTART
  C:0000H         LINE#         126
  C:0800H         LINE#         133
  C:0802H         LINE#         134
  C:0803H         LINE#         135
  C:0804H         LINE#         136
  C:0806H         LINE#         185
  C:0809H         LINE#         196
  -------         ENDMOD        ?C_STARTUP

  -------         MODULE        LEDBAR
  C:0036H         SYMBOL        CHECK_BUTTONS
  C:0072H         SYMBOL        DELAY
  C:0076H         SYMBOL        DELAY_INNER
  C:0074H         SYMBOL        DELAY_OUTER
  C:0044H         SYMBOL        L2R_LOOP
  C:0040H         SYMBOL        LEFT_TO_RIGHT
  C:0030H         SYMBOL        MAIN
  D:0090H         SYMBOL        P1
  D:00A0H         SYMBOL        P2
  C:005DH         SYMBOL        R2L_LOOP
  C:0059H         SYMBOL        RIGHT_TO_LEFT
  C:0000H         LINE#         2
  C:0030H         LINE#         5
  C:0033H         LINE#         6
  C:0036H         LINE#         8
  C:0038H         LINE#         10
  C:003BH         LINE#         12
  C:003EH         LINE#         13
  C:0040H         LINE#         15
  C:0042H         LINE#         16
  C:0044H         LINE#         18
  C:0046H         LINE#         19
  C:0049H         LINE#         20
  C:004AH         LINE#         21
  C:004BH         LINE#         22
  C:004CH         LINE#         23
  C:004EH         LINE#         24
  C:0051H         LINE#         25
  C:0054H         LINE#         26
  C:0057H         LINE#         27
  C:0059H         LINE#         29
  C:005BH         LINE#         30
  C:005DH         LINE#         32
  C:005FH         LINE#         33
  C:0062H         LINE#         34
  C:0063H         LINE#         35
  C:0064H         LINE#         36
  C:0065H         LINE#         37
  C:0067H         LINE#         38
  C:006AH         LINE#         39
  C:006DH         LINE#         40
  C:0070H         LINE#         41
BL51 BANKED LINKER/LOCATER V6.22.2.0                                                  12/25/2024  23:42:03  PAGE 3


  C:0072H         LINE#         43
  C:0074H         LINE#         45
  C:0076H         LINE#         47
  C:0078H         LINE#         48
  C:007AH         LINE#         49
  -------         ENDMOD        LEDBAR

*** WARNING L5: CODE SPACE MEMORY OVERLAP
    FROM:    0000H
    TO:      0002H

*** WARNING L1: UNRESOLVED EXTERNAL SYMBOL
    SYMBOL:  ?C_START
    MODULE:  .\Objects\STARTUP.obj (?C_STARTUP)

*** WARNING L2: REFERENCE MADE TO UNRESOLVED EXTERNAL
    SYMBOL:  ?C_START
    MODULE:  .\Objects\STARTUP.obj (?C_STARTUP)
    ADDRESS: 080AH

******************************************************************************
* RESTRICTED VERSION WITH 0800H BYTE CODE SIZE LIMIT; USED: 005DH BYTE ( 4%) *
******************************************************************************

Program Size: data=9.0 xdata=0 code=138
LINK/LOCATE RUN COMPLETE.  3 WARNING(S),  0 ERROR(S)
