BL51 BANKED LINKER/LOCATER V6.22.2.0                                                    11/30/2024  10:58:22  PAGE 1


BL51 BANKED LINKER/LOCATER V6.22.2.0, INVOKED BY:
C:\KEIL_V5\C51\BIN\BL51.EXE .\Objects\STARTUP.obj, .\Objects\sevensegmentcounter.obj TO .\Objects\sevensegmentcounter PR
>> INT (.\Listings\sevensegmentcounter.m51) RAMSIZE (256)


INPUT MODULES INCLUDED:
  .\Objects\STARTUP.obj (?C_STARTUP)
  .\Objects\sevensegmentcounter.obj (SEVENSEGMENTCOUNTER)


LINK MAP OF MODULE:  .\Objects\sevensegmentcounter (?C_STARTUP)


            TYPE    BASE      LENGTH    RELOCATION   SEGMENT NAME
            -----------------------------------------------------

            * * * * * * *   D A T A   M E M O R Y   * * * * * * *
            REG     0000H     0008H     ABSOLUTE     "REG BANK 0"
            IDATA   0008H     0001H     UNIT         ?STACK

            * * * * * * *   C O D E   M E M O R Y   * * * * * * *
            CODE    0000H     0003H     ABSOLUTE     
* OVERLAP * CODE    0000H     005EH     ABSOLUTE     
                    005EH     07A2H                  *** GAP ***
            CODE    0800H     000CH     UNIT         ?C_C51STARTUP



UNRESOLVED EXTERNAL SYMBOLS:
   ?C_START



SYMBOL TABLE OF MODULE:  .\Objects\sevensegmentcounter (?C_STARTUP)

  VALUE           TYPE          NAME
  ----------------------------------

  -------         MODULE        ?C_STARTUP
  C:0800H         SEGMENT       ?C_C51STARTUP
  I:0008H         SEGMENT       ?STACK
  C:0000H         PUBLIC        ?C_STARTUP
  D:00E0H         SYMBOL        ACC
  D:00F0H         SYMBOL        B
  D:0083H         SYMBOL        DPH
  D:0082H         SYMBOL        DPL
  N:0000H         SYMBOL        IBPSTACK
  N:0100H         SYMBOL        IBPSTACKTOP
  N:0080H         SYMBOL        IDATALEN
  C:0803H         SYMBOL        IDATALOOP
  N:0000H         SYMBOL        PBPSTACK
  N:0100H         SYMBOL        PBPSTACKTOP
  N:0000H         SYMBOL        PDATALEN
  N:0000H         SYMBOL        PDATASTART
  N:0000H         SYMBOL        PPAGE
  N:0000H         SYMBOL        PPAGEENABLE
  D:00A0H         SYMBOL        PPAGE_SFR
  D:0081H         SYMBOL        SP
BL51 BANKED LINKER/LOCATER V6.22.2.0                                                  11/30/2024  10:58:22  PAGE 2


  C:0800H         SYMBOL        STARTUP1
  N:0000H         SYMBOL        XBPSTACK
  N:0000H         SYMBOL        XBPSTACKTOP
  N:0000H         SYMBOL        XDATALEN
  N:0000H         SYMBOL        XDATASTART
  C:0000H         LINE#         126
  C:0800H         LINE#         133
  C:0802H         LINE#         134
  C:0803H         LINE#         135
  C:0804H         LINE#         136
  C:0806H         LINE#         185
  C:0809H         LINE#         196
  -------         ENDMOD        ?C_STARTUP

  -------         MODULE        SEVENSEGMENTCOUNTER
  C:0050H         SYMBOL        CONTINUE_LOOP
  C:0055H         SYMBOL        DELAY_500MS
  C:0052H         SYMBOL        DISPLAY
  C:003AH         SYMBOL        DISPLAY_LOOP
  C:0059H         SYMBOL        INNER_LOOP
  C:0030H         SYMBOL        MAIN
  C:0057H         SYMBOL        OUTER_LOOP
  D:0090H         SYMBOL        P1
  D:00A0H         SYMBOL        P2
  C:0000H         LINE#         9
  C:0030H         LINE#         14
  C:0033H         LINE#         15
  C:0036H         LINE#         18
  C:0038H         LINE#         19
  C:003AH         LINE#         23
  C:003BH         LINE#         24
  C:003DH         LINE#         27
  C:003EH         LINE#         28
  C:0040H         LINE#         31
  C:0042H         LINE#         34
  C:0043H         LINE#         37
  C:0044H         LINE#         40
  C:0045H         LINE#         41
  C:0048H         LINE#         42
  C:004AH         LINE#         44
  C:004BH         LINE#         45
  C:004EH         LINE#         46
  C:0050H         LINE#         49
  C:0052H         LINE#         59
  C:0054H         LINE#         60
  C:0055H         LINE#         71
  C:0057H         LINE#         73
  C:0059H         LINE#         75
  C:005BH         LINE#         76
  C:005DH         LINE#         77
  -------         ENDMOD        SEVENSEGMENTCOUNTER

*** WARNING L5: CODE SPACE MEMORY OVERLAP
    FROM:    0000H
    TO:      0002H

*** WARNING L1: UNRESOLVED EXTERNAL SYMBOL
BL51 BANKED LINKER/LOCATER V6.22.2.0                                                  11/30/2024  10:58:22  PAGE 3


    SYMBOL:  ?C_START
    MODULE:  .\Objects\STARTUP.obj (?C_STARTUP)

*** WARNING L2: REFERENCE MADE TO UNRESOLVED EXTERNAL
    SYMBOL:  ?C_START
    MODULE:  .\Objects\STARTUP.obj (?C_STARTUP)
    ADDRESS: 080AH

******************************************************************************
* RESTRICTED VERSION WITH 0800H BYTE CODE SIZE LIMIT; USED: 0040H BYTE ( 3%) *
******************************************************************************

Program Size: data=9.0 xdata=0 code=109
LINK/LOCATE RUN COMPLETE.  3 WARNING(S),  0 ERROR(S)
