BL51 BANKED LINKER/LOCATER V6.22.2.0                                                    11/06/2024  19:34:22  PAGE 1


BL51 BANKED LINKER/LOCATER V6.22.2.0, INVOKED BY:
C:\KEIL_V5\C51\BIN\BL51.EXE .\Objects\STARTUP.obj, .\Objects\8LEDs.obj TO .\Objects\8 LEDs PRINT (.\Listings\8 LEDs.m51)
>>  RAMSIZE (256)


INPUT MODULES INCLUDED:
  .\Objects\STARTUP.obj (?C_STARTUP)
  .\Objects\8LEDs.obj (8LEDS)


LINK MAP OF MODULE:  .\Objects\8 LEDs (?C_STARTUP)


            TYPE    BASE      LENGTH    RELOCATION   SEGMENT NAME
            -----------------------------------------------------

            * * * * * * *   D A T A   M E M O R Y   * * * * * * *
            REG     0000H     0008H     ABSOLUTE     "REG BANK 0"
            IDATA   0008H     0001H     UNIT         ?STACK

            * * * * * * *   C O D E   M E M O R Y   * * * * * * *
            CODE    0000H     0003H     ABSOLUTE     
* OVERLAP * CODE    0000H     0042H     ABSOLUTE     
                    0042H     07BEH                  *** GAP ***
            CODE    0800H     000CH     UNIT         ?C_C51STARTUP



UNRESOLVED EXTERNAL SYMBOLS:
   ?C_START



SYMBOL TABLE OF MODULE:  .\Objects\8 LEDs (?C_STARTUP)

  VALUE           TYPE          NAME
  ----------------------------------

  -------         MODULE        ?C_STARTUP
  C:0800H         SEGMENT       ?C_C51STARTUP
  I:0008H         SEGMENT       ?STACK
  C:0000H         PUBLIC        ?C_STARTUP
  D:00E0H         SYMBOL        ACC
  D:00F0H         SYMBOL        B
  D:0083H         SYMBOL        DPH
  D:0082H         SYMBOL        DPL
  N:0000H         SYMBOL        IBPSTACK
  N:0100H         SYMBOL        IBPSTACKTOP
  N:0080H         SYMBOL        IDATALEN
  C:0803H         SYMBOL        IDATALOOP
  N:0000H         SYMBOL        PBPSTACK
  N:0100H         SYMBOL        PBPSTACKTOP
  N:0000H         SYMBOL        PDATALEN
  N:0000H         SYMBOL        PDATASTART
  N:0000H         SYMBOL        PPAGE
  N:0000H         SYMBOL        PPAGEENABLE
  D:00A0H         SYMBOL        PPAGE_SFR
  D:0081H         SYMBOL        SP
BL51 BANKED LINKER/LOCATER V6.22.2.0                                                  11/06/2024  19:34:22  PAGE 2


  C:0800H         SYMBOL        STARTUP1
  N:0000H         SYMBOL        XBPSTACK
  N:0000H         SYMBOL        XBPSTACKTOP
  N:0000H         SYMBOL        XDATALEN
  N:0000H         SYMBOL        XDATASTART
  C:0000H         LINE#         126
  C:0800H         LINE#         133
  C:0802H         LINE#         134
  C:0803H         LINE#         135
  C:0804H         LINE#         136
  C:0806H         LINE#         185
  C:0809H         LINE#         196
  -------         ENDMOD        ?C_STARTUP

  -------         MODULE        8LEDS
  C:000AH         SYMBOL        CASE1_LOOP
  C:000CH         SYMBOL        CASE1_SHIFT
  C:0018H         SYMBOL        CASE2_LOOP
  C:001AH         SYMBOL        CASE2_SHIFT
  C:0026H         SYMBOL        CASE3_LOOP
  C:0034H         SYMBOL        CASE4_LOOP
  C:0003H         SYMBOL        DELAY
  C:0005H         SYMBOL        DELAY_LOOP
  C:0008H         SYMBOL        MAIN
  D:0090H         SYMBOL        P1
  C:0000H         LINE#         2
  C:0003H         LINE#         6
  C:0005H         LINE#         8
  C:0007H         LINE#         9
  C:0008H         LINE#         14
  C:000AH         LINE#         18
  C:000CH         LINE#         20
  C:000EH         LINE#         21
  C:0010H         LINE#         22
  C:0011H         LINE#         23
  C:0014H         LINE#         24
  C:0016H         LINE#         27
  C:0018H         LINE#         31
  C:001AH         LINE#         33
  C:001CH         LINE#         34
  C:001EH         LINE#         35
  C:001FH         LINE#         36
  C:0022H         LINE#         37
  C:0024H         LINE#         40
  C:0026H         LINE#         44
  C:0029H         LINE#         45
  C:002BH         LINE#         46
  C:002EH         LINE#         47
  C:0030H         LINE#         48
  C:0032H         LINE#         51
  C:0034H         LINE#         55
  C:0037H         LINE#         56
  C:0039H         LINE#         57
  C:003CH         LINE#         58
  C:003EH         LINE#         59
  C:0040H         LINE#         61
  -------         ENDMOD        8LEDS
BL51 BANKED LINKER/LOCATER V6.22.2.0                                                  11/06/2024  19:34:22  PAGE 3



*** WARNING L5: CODE SPACE MEMORY OVERLAP
    FROM:    0000H
    TO:      0002H

*** WARNING L1: UNRESOLVED EXTERNAL SYMBOL
    SYMBOL:  ?C_START
    MODULE:  .\Objects\STARTUP.obj (?C_STARTUP)

*** WARNING L2: REFERENCE MADE TO UNRESOLVED EXTERNAL
    SYMBOL:  ?C_START
    MODULE:  .\Objects\STARTUP.obj (?C_STARTUP)
    ADDRESS: 080AH

******************************************************************************
* RESTRICTED VERSION WITH 0800H BYTE CODE SIZE LIMIT; USED: 0051H BYTE ( 3%) *
******************************************************************************

Program Size: data=9.0 xdata=0 code=81
LINK/LOCATE RUN COMPLETE.  3 WARNING(S),  0 ERROR(S)
