
*** Running vivado
    with args -log lab4.vdi -applog -m64 -messageDb vivado.pb -mode batch -source lab4.tcl -notrace


****** Vivado v2015.4 (64-bit)
  **** SW Build 1412921 on Wed Nov 18 09:43:45 MST 2015
  **** IP Build 1412160 on Tue Nov 17 13:47:24 MST 2015
    ** Copyright 1986-2015 Xilinx, Inc. All Rights Reserved.

source lab4.tcl -notrace
WARNING: [Board 49-26] cannot add Board Part digilentinc.com:arty-s7-25:part0:1.0 available at D:/Vivado/Vivado/2015.4/data/boards/board_files/arty-s7-25/E.0/board.xml as part xc7s25csga324-1 specified in board_part file is either invalid or not available
WARNING: [Board 49-26] cannot add Board Part digilentinc.com:arty-s7-50:part0:1.0 available at D:/Vivado/Vivado/2015.4/data/boards/board_files/arty-s7-50/B.0/board.xml as part xc7s50csga324-1 specified in board_part file is either invalid or not available
WARNING: [Board 49-26] cannot add Board Part digilentinc.com:cmod-s7-25:part0:1.0 available at D:/Vivado/Vivado/2015.4/data/boards/board_files/cmod-s7-25/B.0/board.xml as part xc7s25csga225-1 specified in board_part file is either invalid or not available
WARNING: [Board 49-26] cannot add Board Part digilentinc.com:cora-z7-07s:part0:1.0 available at D:/Vivado/Vivado/2015.4/data/boards/board_files/cora-z7-07s/B.0/board.xml as part xc7z007sclg400-1 specified in board_part file is either invalid or not available
Design is defaulting to srcset: sources_1
Design is defaulting to constrset: constrs_1
INFO: [Netlist 29-17] Analyzing 4 Unisim elements for replacement
INFO: [Netlist 29-28] Unisim Transformation completed in 0 CPU seconds
INFO: [Project 1-479] Netlist was created with Vivado 2015.4
INFO: [Device 21-403] Loading part xc7z010clg400-1
INFO: [Project 1-570] Preparing netlist for logic optimization
Parsing XDC File [D:/Zybo-Master.xdc]
Finished Parsing XDC File [D:/Zybo-Master.xdc]
INFO: [Opt 31-138] Pushed 0 inverter(s) to 0 load pin(s).
INFO: [Project 1-111] Unisim Transformation Summary:
No Unisim elements were transformed.

Command: opt_design
Attempting to get a license for feature 'Implementation' and/or device 'xc7z010'
INFO: [Common 17-349] Got license for feature 'Implementation' and/or device 'xc7z010'
INFO: [Common 17-1223] The version limit for your license is '2019.08' and will expire in -1657 days. A version limit expiration means that, although you may be able to continue to use the current version of tools or IP with this license, you will not be eligible for any updates or new releases.
Running DRC as a precondition to command opt_design

Starting DRC Task
INFO: [DRC 23-27] Running DRC with 2 threads
INFO: [Project 1-461] DRC finished with 0 Errors
INFO: [Project 1-462] Please refer to the DRC report (report_drc) for more information.

Time (s): cpu = 00:00:00 ; elapsed = 00:00:00.072 . Memory (MB): peak = 479.527 ; gain = 3.828
INFO: [Timing 38-35] Done setting XDC timing constraints.

Starting Logic Optimization Task
Implement Debug Cores | Checksum: 183110540

Phase 1 Retarget
INFO: [Opt 31-138] Pushed 0 inverter(s) to 0 load pin(s).
INFO: [Opt 31-49] Retargeted 0 cell(s).
Phase 1 Retarget | Checksum: 183110540

Time (s): cpu = 00:00:00 ; elapsed = 00:00:00 . Memory (MB): peak = 897.098 ; gain = 0.000

Phase 2 Constant Propagation
INFO: [Opt 31-138] Pushed 0 inverter(s) to 0 load pin(s).
INFO: [Opt 31-10] Eliminated 3 cells.
Phase 2 Constant Propagation | Checksum: 2b866ead1

Time (s): cpu = 00:00:00 ; elapsed = 00:00:00.008 . Memory (MB): peak = 897.098 ; gain = 0.000

Phase 3 Sweep
INFO: [Opt 31-12] Eliminated 5 unconnected nets.
INFO: [Opt 31-11] Eliminated 2 unconnected cells.
Phase 3 Sweep | Checksum: 29b4b4240

Time (s): cpu = 00:00:00 ; elapsed = 00:00:00.008 . Memory (MB): peak = 897.098 ; gain = 0.000

Starting Connectivity Check Task

Time (s): cpu = 00:00:00 ; elapsed = 00:00:00 . Memory (MB): peak = 897.098 ; gain = 0.000
Ending Logic Optimization Task | Checksum: 29b4b4240

Time (s): cpu = 00:00:00 ; elapsed = 00:00:00.008 . Memory (MB): peak = 897.098 ; gain = 0.000

Starting Power Optimization Task
INFO: [Pwropt 34-132] Skipping clock gating for clocks with a period < 2.00 ns.
Ending Power Optimization Task | Checksum: 29b4b4240

Time (s): cpu = 00:00:00 ; elapsed = 00:00:00.008 . Memory (MB): peak = 897.098 ; gain = 0.000
INFO: [Common 17-83] Releasing license: Implementation
21 Infos, 4 Warnings, 0 Critical Warnings and 0 Errors encountered.
opt_design completed successfully
opt_design: Time (s): cpu = 00:00:11 ; elapsed = 00:00:11 . Memory (MB): peak = 897.098 ; gain = 421.398
Writing placer database...
Writing XDEF routing.
Writing XDEF routing logical nets.
Writing XDEF routing special nets.
Write XDEF Complete: Time (s): cpu = 00:00:00 ; elapsed = 00:00:00.056 . Memory (MB): peak = 897.098 ; gain = 0.000
INFO: [DRC 23-27] Running DRC with 2 threads
INFO: [Coretcl 2-168] The results of DRC are in file D:/ALL PROGRAMMING LANGUAGES/VERLIOG/lab4/lab4.runs/impl_1/lab4_drc_opted.rpt.
INFO: [Vivado_Tcl 4-424] Cannot write hardware definition file as there are no IPI block design hardware handoff files present
Command: place_design
Attempting to get a license for feature 'Implementation' and/or device 'xc7z010'
INFO: [Common 17-349] Got license for feature 'Implementation' and/or device 'xc7z010'
INFO: [Common 17-1223] The version limit for your license is '2019.08' and will expire in -1657 days. A version limit expiration means that, although you may be able to continue to use the current version of tools or IP with this license, you will not be eligible for any updates or new releases.
INFO: [DRC 23-27] Running DRC with 2 threads
INFO: [Vivado_Tcl 4-198] DRC finished with 0 Errors
INFO: [Vivado_Tcl 4-199] Please refer to the DRC report (report_drc) for more information.
Running DRC as a precondition to command place_design
INFO: [DRC 23-27] Running DRC with 2 threads
INFO: [Vivado_Tcl 4-198] DRC finished with 0 Errors
INFO: [Vivado_Tcl 4-199] Please refer to the DRC report (report_drc) for more information.

Starting Placer Task
INFO: [Place 30-611] Multithreading enabled for place_design using a maximum of 2 CPUs

Phase 1 Placer Initialization
Netlist sorting complete. Time (s): cpu = 00:00:00 ; elapsed = 00:00:00 . Memory (MB): peak = 897.098 ; gain = 0.000
Netlist sorting complete. Time (s): cpu = 00:00:00 ; elapsed = 00:00:00 . Memory (MB): peak = 897.098 ; gain = 0.000

Phase 1.1 IO Placement/ Clock Placement/ Build Placer Device

Phase 1.1.1 Pre-Place Cells
Phase 1.1.1 Pre-Place Cells | Checksum: f6868cd6

Time (s): cpu = 00:00:00 ; elapsed = 00:00:00.008 . Memory (MB): peak = 897.098 ; gain = 0.000
INFO: [Timing 38-35] Done setting XDC timing constraints.

Phase 1.1.2 IO and Clk Clean Up
Phase 1.1.2 IO and Clk Clean Up | Checksum: f6868cd6

Time (s): cpu = 00:00:00 ; elapsed = 00:00:00.312 . Memory (MB): peak = 912.102 ; gain = 15.004

Phase 1.1.3 Implementation Feasibility check On IDelay
Phase 1.1.3 Implementation Feasibility check On IDelay | Checksum: f6868cd6

Time (s): cpu = 00:00:00 ; elapsed = 00:00:00.312 . Memory (MB): peak = 912.102 ; gain = 15.004

Phase 1.1.4 Commit IO Placement
Phase 1.1.4 Commit IO Placement | Checksum: f6868cd6

Time (s): cpu = 00:00:00 ; elapsed = 00:00:00.312 . Memory (MB): peak = 912.102 ; gain = 15.004
Phase 1.1 IO Placement/ Clock Placement/ Build Placer Device | Checksum: 141cc950e

Time (s): cpu = 00:00:00 ; elapsed = 00:00:00.312 . Memory (MB): peak = 912.102 ; gain = 15.004

Phase 1.2 Build Placer Netlist Model

Phase 1.2.1 Place Init Design
Phase 1.2.1 Place Init Design | Checksum: 162cb2fc6

Time (s): cpu = 00:00:00 ; elapsed = 00:00:00.320 . Memory (MB): peak = 912.102 ; gain = 15.004
Phase 1.2 Build Placer Netlist Model | Checksum: 162cb2fc6

Time (s): cpu = 00:00:00 ; elapsed = 00:00:00.320 . Memory (MB): peak = 912.102 ; gain = 15.004

Phase 1.3 Constrain Clocks/Macros

Phase 1.3.1 Constrain Global/Regional Clocks
Phase 1.3.1 Constrain Global/Regional Clocks | Checksum: 162cb2fc6

Time (s): cpu = 00:00:00 ; elapsed = 00:00:00.320 . Memory (MB): peak = 912.102 ; gain = 15.004
Phase 1.3 Constrain Clocks/Macros | Checksum: 162cb2fc6

Time (s): cpu = 00:00:00 ; elapsed = 00:00:00.320 . Memory (MB): peak = 912.102 ; gain = 15.004
Phase 1 Placer Initialization | Checksum: 162cb2fc6

Time (s): cpu = 00:00:00 ; elapsed = 00:00:00.320 . Memory (MB): peak = 912.102 ; gain = 15.004

Phase 2 Global Placement
Phase 2 Global Placement | Checksum: 156f04203

Time (s): cpu = 00:00:00 ; elapsed = 00:00:00.400 . Memory (MB): peak = 912.102 ; gain = 15.004

Phase 3 Detail Placement

Phase 3.1 Commit Multi Column Macros
Phase 3.1 Commit Multi Column Macros | Checksum: 156f04203

Time (s): cpu = 00:00:00 ; elapsed = 00:00:00.400 . Memory (MB): peak = 912.102 ; gain = 15.004

Phase 3.2 Commit Most Macros & LUTRAMs
Phase 3.2 Commit Most Macros & LUTRAMs | Checksum: 1d0278086

Time (s): cpu = 00:00:00 ; elapsed = 00:00:00.400 . Memory (MB): peak = 912.102 ; gain = 15.004

Phase 3.3 Area Swap Optimization
Phase 3.3 Area Swap Optimization | Checksum: 156f04203

Time (s): cpu = 00:00:00 ; elapsed = 00:00:00.400 . Memory (MB): peak = 912.102 ; gain = 15.004

Phase 3.4 Small Shape Detail Placement

Phase 3.4.1 Commit Small Macros and Core Logic

Phase 3.4.1.1 Commit Slice Clusters
Phase 3.4.1.1 Commit Slice Clusters | Checksum: 1d1d23ad9

Time (s): cpu = 00:00:00 ; elapsed = 00:00:00.440 . Memory (MB): peak = 912.102 ; gain = 15.004
Phase 3.4.1 Commit Small Macros and Core Logic | Checksum: 1d1d23ad9

Time (s): cpu = 00:00:00 ; elapsed = 00:00:00.440 . Memory (MB): peak = 912.102 ; gain = 15.004

Phase 3.4.2 Clock Restriction Legalization for Leaf Columns
Phase 3.4.2 Clock Restriction Legalization for Leaf Columns | Checksum: 1d1d23ad9

Time (s): cpu = 00:00:00 ; elapsed = 00:00:00.448 . Memory (MB): peak = 912.102 ; gain = 15.004

Phase 3.4.3 Clock Restriction Legalization for Non-Clock Pins
Phase 3.4.3 Clock Restriction Legalization for Non-Clock Pins | Checksum: 1d1d23ad9

Time (s): cpu = 00:00:00 ; elapsed = 00:00:00.448 . Memory (MB): peak = 912.102 ; gain = 15.004
Phase 3.4 Small Shape Detail Placement | Checksum: 1d1d23ad9

Time (s): cpu = 00:00:00 ; elapsed = 00:00:00.448 . Memory (MB): peak = 912.102 ; gain = 15.004

Phase 3.5 Re-assign LUT pins
Phase 3.5 Re-assign LUT pins | Checksum: 1d1d23ad9

Time (s): cpu = 00:00:00 ; elapsed = 00:00:00.456 . Memory (MB): peak = 912.102 ; gain = 15.004
Phase 3 Detail Placement | Checksum: 1d1d23ad9

Time (s): cpu = 00:00:00 ; elapsed = 00:00:00.456 . Memory (MB): peak = 912.102 ; gain = 15.004

Phase 4 Post Placement Optimization and Clean-Up

Phase 4.1 Post Commit Optimization
Phase 4.1 Post Commit Optimization | Checksum: 1d1d23ad9

Time (s): cpu = 00:00:00 ; elapsed = 00:00:00.456 . Memory (MB): peak = 912.102 ; gain = 15.004

Phase 4.2 Sweep Clock Roots: Post-Placement
Phase 4.2 Sweep Clock Roots: Post-Placement | Checksum: 1d1d23ad9

Time (s): cpu = 00:00:00 ; elapsed = 00:00:00.456 . Memory (MB): peak = 912.102 ; gain = 15.004

Phase 4.3 Post Placement Cleanup
Phase 4.3 Post Placement Cleanup | Checksum: 1d1d23ad9

Time (s): cpu = 00:00:00 ; elapsed = 00:00:00.456 . Memory (MB): peak = 912.102 ; gain = 15.004

Phase 4.4 Placer Reporting
Phase 4.4 Placer Reporting | Checksum: 1d1d23ad9

Time (s): cpu = 00:00:00 ; elapsed = 00:00:00.456 . Memory (MB): peak = 912.102 ; gain = 15.004

Phase 4.5 Final Placement Cleanup
Phase 4.5 Final Placement Cleanup | Checksum: 1d1d23ad9

Time (s): cpu = 00:00:00 ; elapsed = 00:00:00.456 . Memory (MB): peak = 912.102 ; gain = 15.004
Phase 4 Post Placement Optimization and Clean-Up | Checksum: 1d1d23ad9

Time (s): cpu = 00:00:00 ; elapsed = 00:00:00.456 . Memory (MB): peak = 912.102 ; gain = 15.004
Ending Placer Task | Checksum: 1212eea4b

Time (s): cpu = 00:00:00 ; elapsed = 00:00:00.456 . Memory (MB): peak = 912.102 ; gain = 15.004
INFO: [Common 17-83] Releasing license: Implementation
35 Infos, 4 Warnings, 0 Critical Warnings and 0 Errors encountered.
place_design completed successfully
Writing placer database...
Writing XDEF routing.
Writing XDEF routing logical nets.
Writing XDEF routing special nets.
Write XDEF Complete: Time (s): cpu = 00:00:00 ; elapsed = 00:00:00.056 . Memory (MB): peak = 912.102 ; gain = 0.000
report_io: Time (s): cpu = 00:00:00 ; elapsed = 00:00:00.040 . Memory (MB): peak = 912.102 ; gain = 0.000
report_utilization: Time (s): cpu = 00:00:00 ; elapsed = 00:00:00.016 . Memory (MB): peak = 912.102 ; gain = 0.000
report_control_sets: Time (s): cpu = 00:00:00 ; elapsed = 00:00:00 . Memory (MB): peak = 912.102 ; gain = 0.000
Command: route_design
Attempting to get a license for feature 'Implementation' and/or device 'xc7z010'
INFO: [Common 17-349] Got license for feature 'Implementation' and/or device 'xc7z010'
INFO: [Common 17-1223] The version limit for your license is '2019.08' and will expire in -1657 days. A version limit expiration means that, although you may be able to continue to use the current version of tools or IP with this license, you will not be eligible for any updates or new releases.
Running DRC as a precondition to command route_design
INFO: [DRC 23-27] Running DRC with 2 threads
INFO: [Vivado_Tcl 4-198] DRC finished with 0 Errors
INFO: [Vivado_Tcl 4-199] Please refer to the DRC report (report_drc) for more information.


Starting Routing Task
INFO: [Route 35-254] Multithreading enabled for route_design using a maximum of 2 CPUs
Checksum: PlaceDB: d5e8e213 ConstDB: 0 ShapeSum: 4b460838 RouteDB: 0

Phase 1 Build RT Design
Phase 1 Build RT Design | Checksum: 1502da200

Time (s): cpu = 00:00:16 ; elapsed = 00:00:15 . Memory (MB): peak = 975.387 ; gain = 63.285

Phase 2 Router Initialization
INFO: [Route 35-64] No timing constraints were detected. The router will operate in resource-optimization mode.

Phase 2.1 Pre Route Cleanup
Phase 2.1 Pre Route Cleanup | Checksum: 1502da200

Time (s): cpu = 00:00:16 ; elapsed = 00:00:15 . Memory (MB): peak = 981.371 ; gain = 69.270
Phase 2 Router Initialization | Checksum: 1502da200

Time (s): cpu = 00:00:16 ; elapsed = 00:00:15 . Memory (MB): peak = 981.371 ; gain = 69.270

Phase 3 Initial Routing
Phase 3 Initial Routing | Checksum: f9675385

Time (s): cpu = 00:00:16 ; elapsed = 00:00:15 . Memory (MB): peak = 981.371 ; gain = 69.270

Phase 4 Rip-up And Reroute

Phase 4.1 Global Iteration 0
 Number of Nodes with overlaps = 0
Phase 4.1 Global Iteration 0 | Checksum: e12d55a4

Time (s): cpu = 00:00:16 ; elapsed = 00:00:15 . Memory (MB): peak = 981.371 ; gain = 69.270
Phase 4 Rip-up And Reroute | Checksum: e12d55a4

Time (s): cpu = 00:00:16 ; elapsed = 00:00:15 . Memory (MB): peak = 981.371 ; gain = 69.270

Phase 5 Delay and Skew Optimization
Phase 5 Delay and Skew Optimization | Checksum: e12d55a4

Time (s): cpu = 00:00:16 ; elapsed = 00:00:15 . Memory (MB): peak = 981.371 ; gain = 69.270

Phase 6 Post Hold Fix
Phase 6 Post Hold Fix | Checksum: e12d55a4

Time (s): cpu = 00:00:16 ; elapsed = 00:00:15 . Memory (MB): peak = 981.371 ; gain = 69.270

Phase 7 Route finalize

Router Utilization Summary
  Global Vertical Routing Utilization    = 0.0247748 %
  Global Horizontal Routing Utilization  = 0.00298713 %
  Routable Net Status*
  *Does not include unroutable nets such as driverless and loadless.
  Run report_route_status for detailed report.
  Number of Failed Nets               = 0
  Number of Unrouted Nets             = 0
  Number of Partially Routed Nets     = 0
  Number of Node Overlaps             = 0

Congestion Report
North Dir 1x1 Area, Max Cong = 16.2162%, No Congested Regions.
South Dir 1x1 Area, Max Cong = 16.2162%, No Congested Regions.
East Dir 1x1 Area, Max Cong = 2.94118%, No Congested Regions.
West Dir 1x1 Area, Max Cong = 5.88235%, No Congested Regions.
Phase 7 Route finalize | Checksum: e12d55a4

Time (s): cpu = 00:00:16 ; elapsed = 00:00:15 . Memory (MB): peak = 981.371 ; gain = 69.270

Phase 8 Verifying routed nets

 Verification completed successfully
Phase 8 Verifying routed nets | Checksum: e12d55a4

Time (s): cpu = 00:00:16 ; elapsed = 00:00:15 . Memory (MB): peak = 981.625 ; gain = 69.523

Phase 9 Depositing Routes
Phase 9 Depositing Routes | Checksum: 1098c78da

Time (s): cpu = 00:00:16 ; elapsed = 00:00:15 . Memory (MB): peak = 981.625 ; gain = 69.523
INFO: [Route 35-16] Router Completed Successfully

Time (s): cpu = 00:00:16 ; elapsed = 00:00:15 . Memory (MB): peak = 981.625 ; gain = 69.523

Routing Is Done.
INFO: [Common 17-83] Releasing license: Implementation
44 Infos, 4 Warnings, 0 Critical Warnings and 0 Errors encountered.
route_design completed successfully
route_design: Time (s): cpu = 00:00:16 ; elapsed = 00:00:16 . Memory (MB): peak = 981.625 ; gain = 69.523
Writing placer database...
Writing XDEF routing.
Writing XDEF routing logical nets.
Writing XDEF routing special nets.
Write XDEF Complete: Time (s): cpu = 00:00:01 ; elapsed = 00:00:00.056 . Memory (MB): peak = 981.625 ; gain = 0.000
INFO: [DRC 23-27] Running DRC with 2 threads
INFO: [Coretcl 2-168] The results of DRC are in file D:/ALL PROGRAMMING LANGUAGES/VERLIOG/lab4/lab4.runs/impl_1/lab4_drc_routed.rpt.
INFO: [Timing 38-91] UpdateTimingParams: Speed grade: -1, Delay Type: min_max.
INFO: [Timing 38-191] Multithreading enabled for timing update using a maximum of 2 CPUs
WARNING: [Timing 38-313] There are no user specified timing constraints. Timing constraints are needed for proper timing analysis.
WARNING: [Power 33-232] No user defined clocks were found in the design!
Resolution: Please specify clocks using create_clock/create_generated_clock for sequential elements. For pure combinatorial circuits, please specify a virtual clock, otherwise the vectorless estimation might be inaccurate
Running Vector-less Activity Propagation...

Finished Running Vector-less Activity Propagation
INFO: [Common 17-206] Exiting Vivado at Thu Mar 14 10:11:15 2024...

*** Running vivado
    with args -log lab4.vdi -applog -m64 -messageDb vivado.pb -mode batch -source lab4.tcl -notrace


****** Vivado v2015.4 (64-bit)
  **** SW Build 1412921 on Wed Nov 18 09:43:45 MST 2015
  **** IP Build 1412160 on Tue Nov 17 13:47:24 MST 2015
    ** Copyright 1986-2015 Xilinx, Inc. All Rights Reserved.

source lab4.tcl -notrace
Command: open_checkpoint lab4_routed.dcp
WARNING: [Board 49-26] cannot add Board Part digilentinc.com:arty-s7-25:part0:1.0 available at D:/Vivado/Vivado/2015.4/data/boards/board_files/arty-s7-25/E.0/board.xml as part xc7s25csga324-1 specified in board_part file is either invalid or not available
WARNING: [Board 49-26] cannot add Board Part digilentinc.com:arty-s7-50:part0:1.0 available at D:/Vivado/Vivado/2015.4/data/boards/board_files/arty-s7-50/B.0/board.xml as part xc7s50csga324-1 specified in board_part file is either invalid or not available
WARNING: [Board 49-26] cannot add Board Part digilentinc.com:cmod-s7-25:part0:1.0 available at D:/Vivado/Vivado/2015.4/data/boards/board_files/cmod-s7-25/B.0/board.xml as part xc7s25csga225-1 specified in board_part file is either invalid or not available
WARNING: [Board 49-26] cannot add Board Part digilentinc.com:cora-z7-07s:part0:1.0 available at D:/Vivado/Vivado/2015.4/data/boards/board_files/cora-z7-07s/B.0/board.xml as part xc7z007sclg400-1 specified in board_part file is either invalid or not available
INFO: [Netlist 29-17] Analyzing 4 Unisim elements for replacement
INFO: [Netlist 29-28] Unisim Transformation completed in 0 CPU seconds
INFO: [Project 1-479] Netlist was created with Vivado 2015.4
INFO: [Device 21-403] Loading part xc7z010clg400-1
INFO: [Project 1-570] Preparing netlist for logic optimization
Parsing XDC File [D:/ALL PROGRAMMING LANGUAGES/VERLIOG/lab4/lab4.runs/impl_1/.Xil/Vivado-20092-/dcp/lab4.xdc]
Finished Parsing XDC File [D:/ALL PROGRAMMING LANGUAGES/VERLIOG/lab4/lab4.runs/impl_1/.Xil/Vivado-20092-/dcp/lab4.xdc]
Reading XDEF placement.
Reading placer database...
Reading XDEF routing.
Read XDEF File: Time (s): cpu = 00:00:00 ; elapsed = 00:00:00.032 . Memory (MB): peak = 475.684 ; gain = 0.000
Restored from archive | CPU: 0.000000 secs | Memory: 0.000000 MB |
Finished XDEF File Restore: Time (s): cpu = 00:00:00 ; elapsed = 00:00:00.032 . Memory (MB): peak = 475.684 ; gain = 0.000
INFO: [Project 1-111] Unisim Transformation Summary:
No Unisim elements were transformed.

INFO: [Project 1-604] Checkpoint was created with Vivado v2015.4 (64-bit) build 1412921
open_checkpoint: Time (s): cpu = 00:00:05 ; elapsed = 00:00:05 . Memory (MB): peak = 475.684 ; gain = 287.840
Attempting to get a license for feature 'Implementation' and/or device 'xc7z010'
INFO: [Common 17-349] Got license for feature 'Implementation' and/or device 'xc7z010'
INFO: [Common 17-1223] The version limit for your license is '2019.08' and will expire in -1657 days. A version limit expiration means that, although you may be able to continue to use the current version of tools or IP with this license, you will not be eligible for any updates or new releases.
Running DRC as a precondition to command write_bitstream
INFO: [DRC 23-27] Running DRC with 2 threads
WARNING: [DRC 23-20] Rule violation (ZPS7-1) PS7 block required - The PS7 cell must be used in this Zynq design in order to enable correct default configuration.
INFO: [Vivado 12-3199] DRC finished with 0 Errors, 1 Warnings
INFO: [Vivado 12-3200] Please refer to the DRC report (report_drc) for more information.
Loading data files...
Loading site data...
Loading route data...
Processing options...
Creating bitmap...
Creating bitstream...
Writing bitstream ./lab4.bit...
INFO: [Vivado 12-1842] Bitgen Completed Successfully.
INFO: [Common 17-83] Releasing license: Implementation
write_bitstream: Time (s): cpu = 00:00:13 ; elapsed = 00:00:13 . Memory (MB): peak = 813.434 ; gain = 337.750
INFO: [Vivado_Tcl 4-395] Unable to parse hwdef file lab4.hwdef
INFO: [Common 17-206] Exiting Vivado at Thu Mar 14 10:12:01 2024...
