
*** Running vivado
    with args -log complement.vdi -applog -m64 -messageDb vivado.pb -mode batch -source complement.tcl -notrace


****** Vivado v2015.4 (64-bit)
  **** SW Build 1412921 on Wed Nov 18 09:43:45 MST 2015
  **** IP Build 1412160 on Tue Nov 17 13:47:24 MST 2015
    ** Copyright 1986-2015 Xilinx, Inc. All Rights Reserved.

source complement.tcl -notrace
WARNING: [Board 49-26] cannot add Board Part digilentinc.com:arty-s7-25:part0:1.0 available at D:/Vivado/Vivado/2015.4/data/boards/board_files/arty-s7-25/E.0/board.xml as part xc7s25csga324-1 specified in board_part file is either invalid or not available
WARNING: [Board 49-26] cannot add Board Part digilentinc.com:arty-s7-50:part0:1.0 available at D:/Vivado/Vivado/2015.4/data/boards/board_files/arty-s7-50/B.0/board.xml as part xc7s50csga324-1 specified in board_part file is either invalid or not available
WARNING: [Board 49-26] cannot add Board Part digilentinc.com:cmod-s7-25:part0:1.0 available at D:/Vivado/Vivado/2015.4/data/boards/board_files/cmod-s7-25/B.0/board.xml as part xc7s25csga225-1 specified in board_part file is either invalid or not available
WARNING: [Board 49-26] cannot add Board Part digilentinc.com:cora-z7-07s:part0:1.0 available at D:/Vivado/Vivado/2015.4/data/boards/board_files/cora-z7-07s/B.0/board.xml as part xc7z007sclg400-1 specified in board_part file is either invalid or not available
Design is defaulting to srcset: sources_1
Design is defaulting to constrset: constrs_1
INFO: [Netlist 29-17] Analyzing 3 Unisim elements for replacement
INFO: [Netlist 29-28] Unisim Transformation completed in 0 CPU seconds
INFO: [Project 1-479] Netlist was created with Vivado 2015.4
INFO: [Device 21-403] Loading part xc7z010clg400-1
INFO: [Project 1-570] Preparing netlist for logic optimization
INFO: [Opt 31-138] Pushed 0 inverter(s) to 0 load pin(s).
INFO: [Project 1-111] Unisim Transformation Summary:
No Unisim elements were transformed.

link_design: Time (s): cpu = 00:00:05 ; elapsed = 00:00:05 . Memory (MB): peak = 472.348 ; gain = 240.555
Command: opt_design
Attempting to get a license for feature 'Implementation' and/or device 'xc7z010'
INFO: [Common 17-349] Got license for feature 'Implementation' and/or device 'xc7z010'
INFO: [Common 17-1223] The version limit for your license is '2019.08' and will expire in -1656 days. A version limit expiration means that, although you may be able to continue to use the current version of tools or IP with this license, you will not be eligible for any updates or new releases.
Running DRC as a precondition to command opt_design

Starting DRC Task
INFO: [DRC 23-27] Running DRC with 2 threads
INFO: [Project 1-461] DRC finished with 0 Errors
INFO: [Project 1-462] Please refer to the DRC report (report_drc) for more information.

Time (s): cpu = 00:00:00 ; elapsed = 00:00:00.085 . Memory (MB): peak = 478.938 ; gain = 6.559
INFO: [Timing 38-35] Done setting XDC timing constraints.

Starting Logic Optimization Task
Implement Debug Cores | Checksum: f667089a

Phase 1 Retarget
INFO: [Opt 31-138] Pushed 0 inverter(s) to 0 load pin(s).
INFO: [Opt 31-49] Retargeted 0 cell(s).
Phase 1 Retarget | Checksum: f667089a

Time (s): cpu = 00:00:00 ; elapsed = 00:00:00.005 . Memory (MB): peak = 914.645 ; gain = 0.000

Phase 2 Constant Propagation
INFO: [Opt 31-138] Pushed 0 inverter(s) to 0 load pin(s).
INFO: [Opt 31-10] Eliminated 0 cells.
Phase 2 Constant Propagation | Checksum: f667089a

Time (s): cpu = 00:00:00 ; elapsed = 00:00:00.006 . Memory (MB): peak = 914.645 ; gain = 0.000

Phase 3 Sweep
INFO: [Opt 31-12] Eliminated 0 unconnected nets.
INFO: [Opt 31-11] Eliminated 0 unconnected cells.
Phase 3 Sweep | Checksum: f667089a

Time (s): cpu = 00:00:00 ; elapsed = 00:00:00.010 . Memory (MB): peak = 914.645 ; gain = 0.000

Starting Connectivity Check Task

Time (s): cpu = 00:00:00 ; elapsed = 00:00:00.002 . Memory (MB): peak = 914.645 ; gain = 0.000
Ending Logic Optimization Task | Checksum: f667089a

Time (s): cpu = 00:00:00 ; elapsed = 00:00:00.013 . Memory (MB): peak = 914.645 ; gain = 0.000

Starting Power Optimization Task
INFO: [Pwropt 34-132] Skipping clock gating for clocks with a period < 2.00 ns.
Ending Power Optimization Task | Checksum: f667089a

Time (s): cpu = 00:00:00 ; elapsed = 00:00:00.021 . Memory (MB): peak = 914.645 ; gain = 0.000
INFO: [Common 17-83] Releasing license: Implementation
21 Infos, 4 Warnings, 0 Critical Warnings and 0 Errors encountered.
opt_design completed successfully
opt_design: Time (s): cpu = 00:00:12 ; elapsed = 00:00:13 . Memory (MB): peak = 914.645 ; gain = 442.297
INFO: [DRC 23-27] Running DRC with 2 threads
INFO: [Coretcl 2-168] The results of DRC are in file D:/ALL PROGRAMMING LANGUAGES/VERLIOG/complement/complement.runs/impl_1/complement_drc_opted.rpt.
INFO: [Vivado_Tcl 4-424] Cannot write hardware definition file as there are no IPI block design hardware handoff files present
Command: place_design
Attempting to get a license for feature 'Implementation' and/or device 'xc7z010'
INFO: [Common 17-349] Got license for feature 'Implementation' and/or device 'xc7z010'
INFO: [Common 17-1223] The version limit for your license is '2019.08' and will expire in -1656 days. A version limit expiration means that, although you may be able to continue to use the current version of tools or IP with this license, you will not be eligible for any updates or new releases.
INFO: [DRC 23-27] Running DRC with 2 threads
INFO: [Vivado_Tcl 4-198] DRC finished with 0 Errors
INFO: [Vivado_Tcl 4-199] Please refer to the DRC report (report_drc) for more information.
Running DRC as a precondition to command place_design
INFO: [DRC 23-27] Running DRC with 2 threads
INFO: [Vivado_Tcl 4-198] DRC finished with 0 Errors
INFO: [Vivado_Tcl 4-199] Please refer to the DRC report (report_drc) for more information.

Starting Placer Task
INFO: [Place 30-611] Multithreading enabled for place_design using a maximum of 2 CPUs

Phase 1 Placer Initialization
Netlist sorting complete. Time (s): cpu = 00:00:00 ; elapsed = 00:00:00 . Memory (MB): peak = 914.645 ; gain = 0.000
Netlist sorting complete. Time (s): cpu = 00:00:00 ; elapsed = 00:00:00 . Memory (MB): peak = 914.645 ; gain = 0.000

Phase 1.1 IO Placement/ Clock Placement/ Build Placer Device

Phase 1.1.1 Pre-Place Cells
Phase 1.1.1 Pre-Place Cells | Checksum: 00000000

Time (s): cpu = 00:00:00 ; elapsed = 00:00:00.011 . Memory (MB): peak = 914.645 ; gain = 0.000
INFO: [Timing 38-35] Done setting XDC timing constraints.

Phase 1.1.2 IO and Clk Clean Up
Phase 1.1.2 IO and Clk Clean Up | Checksum: 00000000

Time (s): cpu = 00:00:01 ; elapsed = 00:00:00.479 . Memory (MB): peak = 930.133 ; gain = 15.488

Phase 1.1.3 Implementation Feasibility check On IDelay
Phase 1.1.3 Implementation Feasibility check On IDelay | Checksum: 00000000

Time (s): cpu = 00:00:01 ; elapsed = 00:00:00.480 . Memory (MB): peak = 930.133 ; gain = 15.488

Phase 1.1.4 Commit IO Placement
Phase 1.1.4 Commit IO Placement | Checksum: 480dbf13

Time (s): cpu = 00:00:01 ; elapsed = 00:00:00.481 . Memory (MB): peak = 930.133 ; gain = 15.488
Phase 1.1 IO Placement/ Clock Placement/ Build Placer Device | Checksum: 6458d11b

Time (s): cpu = 00:00:01 ; elapsed = 00:00:00.481 . Memory (MB): peak = 930.133 ; gain = 15.488

Phase 1.2 Build Placer Netlist Model

Phase 1.2.1 Place Init Design
Phase 1.2.1 Place Init Design | Checksum: 12e8df839

Time (s): cpu = 00:00:01 ; elapsed = 00:00:00.485 . Memory (MB): peak = 930.133 ; gain = 15.488
Phase 1.2 Build Placer Netlist Model | Checksum: 12e8df839

Time (s): cpu = 00:00:01 ; elapsed = 00:00:00.486 . Memory (MB): peak = 930.133 ; gain = 15.488

Phase 1.3 Constrain Clocks/Macros

Phase 1.3.1 Constrain Global/Regional Clocks
Phase 1.3.1 Constrain Global/Regional Clocks | Checksum: 12e8df839

Time (s): cpu = 00:00:01 ; elapsed = 00:00:00.487 . Memory (MB): peak = 930.133 ; gain = 15.488
Phase 1.3 Constrain Clocks/Macros | Checksum: 12e8df839

Time (s): cpu = 00:00:01 ; elapsed = 00:00:00.487 . Memory (MB): peak = 930.133 ; gain = 15.488
Phase 1 Placer Initialization | Checksum: 12e8df839

Time (s): cpu = 00:00:01 ; elapsed = 00:00:00.488 . Memory (MB): peak = 930.133 ; gain = 15.488

Phase 2 Global Placement
Phase 2 Global Placement | Checksum: eb67eb1b

Time (s): cpu = 00:00:01 ; elapsed = 00:00:00.569 . Memory (MB): peak = 930.133 ; gain = 15.488

Phase 3 Detail Placement

Phase 3.1 Commit Multi Column Macros
Phase 3.1 Commit Multi Column Macros | Checksum: eb67eb1b

Time (s): cpu = 00:00:01 ; elapsed = 00:00:00.571 . Memory (MB): peak = 930.133 ; gain = 15.488

Phase 3.2 Commit Most Macros & LUTRAMs
Phase 3.2 Commit Most Macros & LUTRAMs | Checksum: 12dae8ecf

Time (s): cpu = 00:00:01 ; elapsed = 00:00:00.573 . Memory (MB): peak = 930.133 ; gain = 15.488

Phase 3.3 Area Swap Optimization
Phase 3.3 Area Swap Optimization | Checksum: b7f688a2

Time (s): cpu = 00:00:01 ; elapsed = 00:00:00.577 . Memory (MB): peak = 930.133 ; gain = 15.488

Phase 3.4 Small Shape Detail Placement

Phase 3.4.1 Commit Small Macros and Core Logic

Phase 3.4.1.1 Commit Slice Clusters
Phase 3.4.1.1 Commit Slice Clusters | Checksum: c5be8a0f

Time (s): cpu = 00:00:01 ; elapsed = 00:00:00.741 . Memory (MB): peak = 930.133 ; gain = 15.488
Phase 3.4.1 Commit Small Macros and Core Logic | Checksum: c5be8a0f

Time (s): cpu = 00:00:01 ; elapsed = 00:00:00.742 . Memory (MB): peak = 930.133 ; gain = 15.488

Phase 3.4.2 Clock Restriction Legalization for Leaf Columns
Phase 3.4.2 Clock Restriction Legalization for Leaf Columns | Checksum: c5be8a0f

Time (s): cpu = 00:00:01 ; elapsed = 00:00:00.746 . Memory (MB): peak = 930.133 ; gain = 15.488

Phase 3.4.3 Clock Restriction Legalization for Non-Clock Pins
Phase 3.4.3 Clock Restriction Legalization for Non-Clock Pins | Checksum: c5be8a0f

Time (s): cpu = 00:00:01 ; elapsed = 00:00:00.746 . Memory (MB): peak = 930.133 ; gain = 15.488
Phase 3.4 Small Shape Detail Placement | Checksum: c5be8a0f

Time (s): cpu = 00:00:01 ; elapsed = 00:00:00.748 . Memory (MB): peak = 930.133 ; gain = 15.488

Phase 3.5 Re-assign LUT pins
Phase 3.5 Re-assign LUT pins | Checksum: c5be8a0f

Time (s): cpu = 00:00:01 ; elapsed = 00:00:00.748 . Memory (MB): peak = 930.133 ; gain = 15.488
Phase 3 Detail Placement | Checksum: c5be8a0f

Time (s): cpu = 00:00:01 ; elapsed = 00:00:00.749 . Memory (MB): peak = 930.133 ; gain = 15.488

Phase 4 Post Placement Optimization and Clean-Up

Phase 4.1 Post Commit Optimization
Phase 4.1 Post Commit Optimization | Checksum: c5be8a0f

Time (s): cpu = 00:00:01 ; elapsed = 00:00:00.750 . Memory (MB): peak = 930.133 ; gain = 15.488

Phase 4.2 Sweep Clock Roots: Post-Placement
Phase 4.2 Sweep Clock Roots: Post-Placement | Checksum: c5be8a0f

Time (s): cpu = 00:00:01 ; elapsed = 00:00:00.750 . Memory (MB): peak = 930.133 ; gain = 15.488

Phase 4.3 Post Placement Cleanup
Phase 4.3 Post Placement Cleanup | Checksum: c5be8a0f

Time (s): cpu = 00:00:01 ; elapsed = 00:00:00.751 . Memory (MB): peak = 930.133 ; gain = 15.488

Phase 4.4 Placer Reporting
Phase 4.4 Placer Reporting | Checksum: c5be8a0f

Time (s): cpu = 00:00:01 ; elapsed = 00:00:00.751 . Memory (MB): peak = 930.133 ; gain = 15.488

Phase 4.5 Final Placement Cleanup
Phase 4.5 Final Placement Cleanup | Checksum: c5be8a0f

Time (s): cpu = 00:00:01 ; elapsed = 00:00:00.752 . Memory (MB): peak = 930.133 ; gain = 15.488
Phase 4 Post Placement Optimization and Clean-Up | Checksum: c5be8a0f

Time (s): cpu = 00:00:01 ; elapsed = 00:00:00.752 . Memory (MB): peak = 930.133 ; gain = 15.488
Ending Placer Task | Checksum: 5a80d4ba

Time (s): cpu = 00:00:01 ; elapsed = 00:00:00.755 . Memory (MB): peak = 930.133 ; gain = 15.488
INFO: [Common 17-83] Releasing license: Implementation
35 Infos, 4 Warnings, 0 Critical Warnings and 0 Errors encountered.
place_design completed successfully
Writing placer database...
Writing XDEF routing.
Writing XDEF routing logical nets.
Writing XDEF routing special nets.
Write XDEF Complete: Time (s): cpu = 00:00:00 ; elapsed = 00:00:00.121 . Memory (MB): peak = 930.133 ; gain = 0.000
report_io: Time (s): cpu = 00:00:00 ; elapsed = 00:00:00.091 . Memory (MB): peak = 930.133 ; gain = 0.000
report_utilization: Time (s): cpu = 00:00:00 ; elapsed = 00:00:00.013 . Memory (MB): peak = 930.133 ; gain = 0.000
report_control_sets: Time (s): cpu = 00:00:00 ; elapsed = 00:00:00.001 . Memory (MB): peak = 930.133 ; gain = 0.000
Command: route_design
Attempting to get a license for feature 'Implementation' and/or device 'xc7z010'
INFO: [Common 17-349] Got license for feature 'Implementation' and/or device 'xc7z010'
INFO: [Common 17-1223] The version limit for your license is '2019.08' and will expire in -1656 days. A version limit expiration means that, although you may be able to continue to use the current version of tools or IP with this license, you will not be eligible for any updates or new releases.
Running DRC as a precondition to command route_design
INFO: [DRC 23-27] Running DRC with 2 threads
INFO: [Vivado_Tcl 4-198] DRC finished with 0 Errors
INFO: [Vivado_Tcl 4-199] Please refer to the DRC report (report_drc) for more information.


Starting Routing Task
INFO: [Route 35-254] Multithreading enabled for route_design using a maximum of 2 CPUs
Checksum: PlaceDB: 3e35c2b2 ConstDB: 0 ShapeSum: 1c4b1208 RouteDB: 0

Phase 1 Build RT Design
Phase 1 Build RT Design | Checksum: 1e6b2feb1

Time (s): cpu = 00:00:15 ; elapsed = 00:00:14 . Memory (MB): peak = 990.699 ; gain = 60.566

Phase 2 Router Initialization
INFO: [Route 35-64] No timing constraints were detected. The router will operate in resource-optimization mode.

Phase 2.1 Pre Route Cleanup
Phase 2.1 Pre Route Cleanup | Checksum: 1e6b2feb1

Time (s): cpu = 00:00:15 ; elapsed = 00:00:14 . Memory (MB): peak = 996.738 ; gain = 66.605
Phase 2 Router Initialization | Checksum: 1e6b2feb1

Time (s): cpu = 00:00:15 ; elapsed = 00:00:14 . Memory (MB): peak = 996.738 ; gain = 66.605

Phase 3 Initial Routing
 Number of Nodes with overlaps = 0
Phase 3 Initial Routing | Checksum: c953fcae

Time (s): cpu = 00:00:15 ; elapsed = 00:00:14 . Memory (MB): peak = 996.738 ; gain = 66.605

Phase 4 Rip-up And Reroute

Phase 4.1 Global Iteration 0
Phase 4.1 Global Iteration 0 | Checksum: c953fcae

Time (s): cpu = 00:00:15 ; elapsed = 00:00:14 . Memory (MB): peak = 996.738 ; gain = 66.605

Phase 4.2 Global Iteration 1
Phase 4.2 Global Iteration 1 | Checksum: c953fcae

Time (s): cpu = 00:00:15 ; elapsed = 00:00:14 . Memory (MB): peak = 996.738 ; gain = 66.605

Phase 4.3 Global Iteration 2
Phase 4.3 Global Iteration 2 | Checksum: c953fcae

Time (s): cpu = 00:00:15 ; elapsed = 00:00:14 . Memory (MB): peak = 996.738 ; gain = 66.605

Phase 4.4 Global Iteration 3
Phase 4.4 Global Iteration 3 | Checksum: c953fcae

Time (s): cpu = 00:00:15 ; elapsed = 00:00:14 . Memory (MB): peak = 996.738 ; gain = 66.605

Phase 4.5 Global Iteration 4
Phase 4.5 Global Iteration 4 | Checksum: c953fcae

Time (s): cpu = 00:00:15 ; elapsed = 00:00:14 . Memory (MB): peak = 996.738 ; gain = 66.605
Phase 4 Rip-up And Reroute | Checksum: c953fcae

Time (s): cpu = 00:00:15 ; elapsed = 00:00:14 . Memory (MB): peak = 996.738 ; gain = 66.605

Phase 5 Delay and Skew Optimization
Phase 5 Delay and Skew Optimization | Checksum: c953fcae

Time (s): cpu = 00:00:15 ; elapsed = 00:00:14 . Memory (MB): peak = 996.738 ; gain = 66.605

Phase 6 Post Hold Fix
Phase 6 Post Hold Fix | Checksum: c953fcae

Time (s): cpu = 00:00:15 ; elapsed = 00:00:14 . Memory (MB): peak = 996.738 ; gain = 66.605

Phase 7 Route finalize

Router Utilization Summary
  Global Vertical Routing Utilization    = 0.00140766 %
  Global Horizontal Routing Utilization  = 0.00275735 %
  Routable Net Status*
  *Does not include unroutable nets such as driverless and loadless.
  Run report_route_status for detailed report.
  Number of Failed Nets               = 0
  Number of Unrouted Nets             = 0
  Number of Partially Routed Nets     = 0
  Number of Node Overlaps             = 0

Congestion Report
North Dir 1x1 Area, Max Cong = 0%, No Congested Regions.
South Dir 1x1 Area, Max Cong = 3.6036%, No Congested Regions.
East Dir 1x1 Area, Max Cong = 2.94118%, No Congested Regions.
West Dir 1x1 Area, Max Cong = 2.94118%, No Congested Regions.
Phase 7 Route finalize | Checksum: c953fcae

Time (s): cpu = 00:00:16 ; elapsed = 00:00:14 . Memory (MB): peak = 996.738 ; gain = 66.605

Phase 8 Verifying routed nets

 Verification completed successfully
Phase 8 Verifying routed nets | Checksum: c953fcae

Time (s): cpu = 00:00:16 ; elapsed = 00:00:14 . Memory (MB): peak = 997.930 ; gain = 67.797

Phase 9 Depositing Routes
Phase 9 Depositing Routes | Checksum: 4145af75

Time (s): cpu = 00:00:16 ; elapsed = 00:00:14 . Memory (MB): peak = 997.930 ; gain = 67.797
INFO: [Route 35-16] Router Completed Successfully

Time (s): cpu = 00:00:16 ; elapsed = 00:00:14 . Memory (MB): peak = 997.930 ; gain = 67.797

Routing Is Done.
INFO: [Common 17-83] Releasing license: Implementation
44 Infos, 4 Warnings, 0 Critical Warnings and 0 Errors encountered.
route_design completed successfully
route_design: Time (s): cpu = 00:00:16 ; elapsed = 00:00:15 . Memory (MB): peak = 997.930 ; gain = 67.797
Writing placer database...
Writing XDEF routing.
Writing XDEF routing logical nets.
Writing XDEF routing special nets.
Write XDEF Complete: Time (s): cpu = 00:00:00 ; elapsed = 00:00:00.076 . Memory (MB): peak = 997.930 ; gain = 0.000
INFO: [DRC 23-27] Running DRC with 2 threads
INFO: [Coretcl 2-168] The results of DRC are in file D:/ALL PROGRAMMING LANGUAGES/VERLIOG/complement/complement.runs/impl_1/complement_drc_routed.rpt.
INFO: [Timing 38-91] UpdateTimingParams: Speed grade: -1, Delay Type: min_max.
INFO: [Timing 38-191] Multithreading enabled for timing update using a maximum of 2 CPUs
WARNING: [Timing 38-313] There are no user specified timing constraints. Timing constraints are needed for proper timing analysis.
WARNING: [Power 33-232] No user defined clocks were found in the design!
Resolution: Please specify clocks using create_clock/create_generated_clock for sequential elements. For pure combinatorial circuits, please specify a virtual clock, otherwise the vectorless estimation might be inaccurate
Running Vector-less Activity Propagation...

Finished Running Vector-less Activity Propagation
INFO: [Common 17-206] Exiting Vivado at Wed Mar 13 22:50:59 2024...
